../Core/Src/MCAL/adc_program.c:36:34:ADC_GetRegisterPointer	16	static
../Core/Src/MCAL/adc_program.c:55:21:ADC_SetSampleTime	24	static
../Core/Src/MCAL/adc_program.c:101:14:ADC_Initialize	24	static
../Core/Src/MCAL/adc_program.c:174:14:ADC_Enable	24	static
../Core/Src/MCAL/adc_program.c:199:14:ADC_Disable	24	static
../Core/Src/MCAL/adc_program.c:224:14:ADC_StartConversion	24	static
../Core/Src/MCAL/adc_program.c:277:14:ADC_StartContinuousConversion	24	static
../Core/Src/MCAL/adc_program.c:333:14:ADC_StopConversion	24	static
../Core/Src/MCAL/adc_program.c:358:14:ADC_ReadValue	24	static
../Core/Src/MCAL/adc_program.c:395:14:ADC_ReadValueBlocking	32	static
../Core/Src/MCAL/adc_program.c:448:14:ADC_IsConversionComplete	24	static
../Core/Src/MCAL/adc_program.c:478:14:ADC_SetCallback	16	static
../Core/Src/MCAL/adc_program.c:505:14:ADC_Calibrate	24	static
../Core/Src/MCAL/adc_program.c:535:7:ADC_ConvertToVoltage	24	static
../Core/Src/MCAL/adc_program.c:554:7:ADC_ConvertToTemperature	24	static
../Core/Src/MCAL/adc_program.c:582:6:ADC_IRQHandler	8	static
