../Core/Src/MCAL/usart_program.c:37:36:USART_GetRegisterPointer	16	static
../Core/Src/MCAL/usart_program.c:71:16:USART_Initialize	48	static
../Core/Src/MCAL/usart_program.c:178:16:USART_SendData	32	static
../Core/Src/MCAL/usart_program.c:224:9:USART_ReadData	24	static
../Core/Src/MCAL/usart_program.c:247:16:USART_Enable	24	static
../Core/Src/MCAL/usart_program.c:272:16:USART_Disable	24	static
../Core/Src/MCAL/usart_program.c:297:16:USART_SetCallback	16	static
../Core/Src/MCAL/usart_program.c:331:6:USART1_IRQHandler	8	static
../Core/Src/MCAL/usart_program.c:351:6:USART2_IRQHandler	8	static
../Core/Src/MCAL/usart_program.c:375:16:USART_WriteByte	24	static
../Core/Src/MCAL/usart_program.c:411:5:__io_putchar	16	static
