../Core/Src/HAL/bmp280_program.c:26:24:BMP280_WriteRegister	32	static
../Core/Src/HAL/bmp280_program.c:36:24:BMP280_ReadRegisters	24	static
../Core/Src/HAL/bmp280_program.c:49:24:BMP280_ReadRegister	16	static
../Core/Src/HAL/bmp280_program.c:57:24:BMP280_ReadCalibrationData	32	static
../Core/Src/HAL/bmp280_program.c:78:16:BMP280_CompensateTemperature	24	static
../Core/Src/HAL/bmp280_program.c:87:17:BMP280_CompensatePressure	328	static
../Core/Src/HAL/bmp280_program.c:108:17:BMP280_Initialize	24	static
../Core/Src/HAL/bmp280_program.c:135:17:BMP280_Reset	16	static
../Core/Src/HAL/bmp280_program.c:142:17:BMP280_Configure	24	static
../Core/Src/HAL/bmp280_program.c:151:17:BMP280_SetMode	24	static
../Core/Src/HAL/bmp280_program.c:159:17:BMP280_GetChipID	16	static
../Core/Src/HAL/bmp280_program.c:165:17:BMP280_ReadSensorData	32	static
../Core/Src/HAL/bmp280_program.c:180:17:BMP280_ReadTemperature	32	static
../Core/Src/HAL/bmp280_program.c:188:17:BMP280_ReadPressure	32	static
../Core/Src/HAL/bmp280_program.c:196:17:BMP280_IsMeasuring	24	static
../Core/Src/HAL/bmp280_program.c:205:17:BMP280_GetConfig	24	static
