../Core/Src/HAL/esp01_program.c:40:6:ESP01_RegisterMQTTCallback	16	static
../Core/Src/HAL/esp01_program.c:46:13:ESP01_ParseMQTTPublish	104	static
../Core/Src/HAL/esp01_program.c:99:13:ESP01_UART_Callback	16	static
../Core/Src/HAL/esp01_program.c:196:17:ESP01_ReadFromBuffer	24	static
../Core/Src/HAL/esp01_program.c:219:16:ESP01_StringSearch	32	static
../Core/Src/HAL/esp01_program.c:249:16:ESP01_Initialize	16	static
../Core/Src/HAL/esp01_program.c:303:16:ESP01_Reset	16	static
../Core/Src/HAL/esp01_program.c:331:16:ESP01_TestConnection	16	static
../Core/Src/HAL/esp01_program.c:371:16:ESP01_SetWiFiMode	24	static
../Core/Src/HAL/esp01_program.c:399:16:ESP01_ConnectToAP	32	static
../Core/Src/HAL/esp01_program.c:434:16:ESP01_DisconnectFromAP	16	static
../Core/Src/HAL/esp01_program.c:459:16:ESP01_GetIPAddress	536	static
../Core/Src/HAL/esp01_program.c:501:16:ESP01_ConnectTCP	32	static
../Core/Src/HAL/esp01_program.c:543:16:ESP01_SendData	24	static
../Core/Src/HAL/esp01_program.c:577:16:ESP01_CloseConnection	528	static
../Core/Src/HAL/esp01_program.c:632:16:ESP01_SendCommand	24	static
../Core/Src/HAL/esp01_program.c:664:16:ESP01_WaitForResponse	552	static
../Core/Src/HAL/esp01_program.c:804:6:ESP01_ClearBuffer	8	static
../Core/Src/HAL/esp01_program.c:813:6:ESP01_ProcessMQTTMessages	272	static
../Core/Src/HAL/esp01_program.c:879:9:ESP01_HasPendingMQTTMessage	4	static
../Core/Src/HAL/esp01_program.c:892:6:ESP01_ProcessPendingMQTTMessage	528	static
