../Core/Src/HAL/mq6_program.c:48:14:MQ6_Initialize	16	static
../Core/Src/HAL/mq6_program.c:67:14:MQ6_StartPreheat	8	static
../Core/Src/HAL/mq6_program.c:84:14:MQ6_StartCalibration	24	static
../Core/Src/HAL/mq6_program.c:111:14:MQ6_Reset	8	static
../Core/Src/HAL/mq6_program.c:128:13:MQ6_GetState	16	static
../Core/Src/HAL/mq6_program.c:153:14:MQ6_ReadRaw	16	static
../Core/Src/HAL/mq6_program.c:176:14:MQ6_ReadVoltage	24	static
../Core/Src/HAL/mq6_program.c:200:14:MQ6_ReadResistance	24	static
../Core/Src/HAL/mq6_program.c:224:14:MQ6_ReadRatio	24	static
../Core/Src/HAL/mq6_program.c:251:14:MQ6_ReadPPM	24	static
../Core/Src/HAL/mq6_program.c:285:14:MQ6_ReadComplete	24	static
../Core/Src/HAL/mq6_program.c:332:14:MQ6_SetRoValue	16	static
../Core/Src/HAL/mq6_program.c:349:14:MQ6_GetRoValue	16	static
../Core/Src/HAL/mq6_program.c:364:14:MQ6_GetCalibrationData	16	static
../Core/Src/HAL/mq6_program.c:380:14:MQ6_IsCalibrationRequired	16	static
../Core/Src/HAL/mq6_program.c:395:14:MQ6_IsReady	16	static
../Core/Src/HAL/mq6_program.c:410:14:MQ6_IsPreheated	24	static
../Core/Src/HAL/mq6_program.c:432:10:MQ6_GetPreheatTime	16	static
../Core/Src/HAL/mq6_program.c:452:10:MQ6_GetCalibrationTime	16	static
../Core/Src/HAL/mq6_program.c:473:10:MQ6_ConvertAdcToVoltage	16	static
../Core/Src/HAL/mq6_program.c:483:10:MQ6_ConvertVoltageToResistance	24	static
../Core/Src/HAL/mq6_program.c:506:7:MQ6_ConvertResistanceToRatio	16	static
../Core/Src/HAL/mq6_program.c:520:10:MQ6_ConvertRatioToPPM	24	static
../Core/Src/HAL/mq6_program.c:552:9:PerformMQ6Calibration	48	static
../Core/Src/HAL/mq6_program.c:612:9:ReadADCValues	24	static
../Core/Src/HAL/mq6_program.c:661:21:MQ6_ValidatePointer	16	static
../Core/Src/HAL/mq6_program.c:671:21:MQ6_AverageReading	24	static
../Core/Src/HAL/mq6_program.c:698:21:MQ6_ExecuteCalibration	32	static
