../Core/Src/drivers/device/esp01.c:50:6:ESP01_RegisterMQTTCallback	16	static
../Core/Src/drivers/device/esp01.c:56:13:ESP01_ParseMQTTPublish	104	static
../Core/Src/drivers/device/esp01.c:126:13:ESP01_UART_Callback	16	static
../Core/Src/drivers/device/esp01.c:280:17:ESP01_ReadFromBuffer	24	static
../Core/Src/drivers/device/esp01.c:303:16:ESP01_StringSearch	32	static
../Core/Src/drivers/device/esp01.c:333:16:ESP01_Initialize	16	static
../Core/Src/drivers/device/esp01.c:387:16:ESP01_Reset	16	static
../Core/Src/drivers/device/esp01.c:415:16:ESP01_TestConnection	16	static
../Core/Src/drivers/device/esp01.c:455:16:ESP01_SetWiFiMode	24	static
../Core/Src/drivers/device/esp01.c:483:16:ESP01_ConnectToAP	32	static
../Core/Src/drivers/device/esp01.c:518:16:ESP01_DisconnectFromAP	16	static
../Core/Src/drivers/device/esp01.c:543:16:ESP01_GetIPAddress	536	static
../Core/Src/drivers/device/esp01.c:585:16:ESP01_ConnectTCP	32	static
../Core/Src/drivers/device/esp01.c:627:16:ESP01_SendData	24	static
../Core/Src/drivers/device/esp01.c:661:16:ESP01_CloseConnection	528	static
../Core/Src/drivers/device/esp01.c:716:16:ESP01_SendCommand	24	static
../Core/Src/drivers/device/esp01.c:748:16:ESP01_WaitForResponse	552	static
../Core/Src/drivers/device/esp01.c:888:6:ESP01_ClearBuffer	8	static
../Core/Src/drivers/device/esp01.c:897:6:ESP01_ProcessMQTTMessages	272	static
../Core/Src/drivers/device/esp01.c:963:9:ESP01_HasPendingMQTTMessage	4	static
../Core/Src/drivers/device/esp01.c:976:6:ESP01_ProcessPendingMQTTMessage	528	static,ignoring_inline_asm
../Core/Src/drivers/device/esp01.c:1029:16:ESP01_SetMultipleConnections	24	static
../Core/Src/drivers/device/esp01.c:1062:16:ESP01_ConfigureAP	48	static
../Core/Src/drivers/device/esp01.c:1098:16:ESP01_StartServer	24	static
../Core/Src/drivers/device/esp01.c:1132:16:ESP01_StopServer	16	static
../Core/Src/drivers/device/esp01.c:1164:16:ESP01_SendDataToConnection	32	static
../Core/Src/drivers/device/esp01.c:1203:16:ESP01_CloseConnectionById	24	static
../Core/Src/drivers/device/esp01.c:1236:16:ESP01_GetAPIPAddress	536	static
../Core/Src/drivers/device/esp01.c:1278:6:ESP01_RegisterHTTPCallback	16	static
../Core/Src/drivers/device/esp01.c:1292:9:ESP01_HasPendingHTTPData	4	static
../Core/Src/drivers/device/esp01.c:1305:6:ESP01_ProcessPendingHTTPData	528	static,ignoring_inline_asm
