../Core/Src/drivers/device/mq6.c:47:14:MQ6_Initialize	16	static
../Core/Src/drivers/device/mq6.c:66:14:MQ6_StartPreheat	8	static
../Core/Src/drivers/device/mq6.c:83:14:MQ6_StartCalibration	24	static
../Core/Src/drivers/device/mq6.c:110:14:MQ6_Reset	8	static
../Core/Src/drivers/device/mq6.c:127:13:MQ6_GetState	16	static
../Core/Src/drivers/device/mq6.c:152:14:MQ6_ReadRaw	16	static
../Core/Src/drivers/device/mq6.c:175:14:MQ6_ReadVoltage	24	static
../Core/Src/drivers/device/mq6.c:199:14:MQ6_ReadResistance	24	static
../Core/Src/drivers/device/mq6.c:223:14:MQ6_ReadRatio	24	static
../Core/Src/drivers/device/mq6.c:250:14:MQ6_ReadPPM	24	static
../Core/Src/drivers/device/mq6.c:284:14:MQ6_ReadComplete	24	static
../Core/Src/drivers/device/mq6.c:331:14:MQ6_SetRoValue	16	static
../Core/Src/drivers/device/mq6.c:348:14:MQ6_GetRoValue	16	static
../Core/Src/drivers/device/mq6.c:363:14:MQ6_GetCalibrationData	16	static
../Core/Src/drivers/device/mq6.c:379:14:MQ6_IsCalibrationRequired	16	static
../Core/Src/drivers/device/mq6.c:394:14:MQ6_IsReady	16	static
../Core/Src/drivers/device/mq6.c:409:14:MQ6_IsPreheated	24	static
../Core/Src/drivers/device/mq6.c:431:10:MQ6_GetPreheatTime	16	static
../Core/Src/drivers/device/mq6.c:451:10:MQ6_GetCalibrationTime	16	static
../Core/Src/drivers/device/mq6.c:472:10:MQ6_ConvertAdcToVoltage	16	static
../Core/Src/drivers/device/mq6.c:482:10:MQ6_ConvertVoltageToResistance	24	static
../Core/Src/drivers/device/mq6.c:505:7:MQ6_ConvertResistanceToRatio	16	static
../Core/Src/drivers/device/mq6.c:519:10:MQ6_ConvertRatioToPPM	24	static
../Core/Src/drivers/device/mq6.c:551:9:PerformMQ6Calibration	48	static
../Core/Src/drivers/device/mq6.c:611:9:ReadADCValues	24	static
../Core/Src/drivers/device/mq6.c:660:21:MQ6_ValidatePointer	16	static
../Core/Src/drivers/device/mq6.c:670:21:MQ6_AverageReading	24	static
../Core/Src/drivers/device/mq6.c:697:21:MQ6_ExecuteCalibration	32	static
