../Core/Src/drivers/device/mqtt.c:34:13:MQTT_WriteUTF8String	32	static
../Core/Src/drivers/device/mqtt.c:45:16:MQTT_CalculateConnectRemainingLength	24	static
../Core/Src/drivers/device/mqtt.c:54:16:MQTT_CalculatePublishRemainingLength	24	static
../Core/Src/drivers/device/mqtt.c:64:16:MQTT_CalculateSubscribeRemainingLength	24	static
../Core/Src/drivers/device/mqtt.c:72:22:MQTT_SendPacket	24	static
../Core/Src/drivers/device/mqtt.c:99:15:MQTT_Connect	24	static
../Core/Src/drivers/device/mqtt.c:140:15:MQTT_Publish	32	static
../Core/Src/drivers/device/mqtt.c:192:15:MQTT_Subscribe	24	static
../Core/Src/drivers/device/mqtt.c:232:15:MQTT_SendPingRequest	8	static
../Core/Src/drivers/device/mqtt.c:243:15:MQTT_SendPubAck	16	static
../Core/Src/drivers/device/mqtt.c:256:15:MQTT_Disconnect	16	static
