Archive member included to satisfy reference by file (symbol)

C:/ST/STM32CubeIDE_1.18.1/STM32CubeIDE/plugins/com.st.stm32cube.ide.mcu.externaltools.gnu-tools-for-stm32.13.3.rel1.win32_1.0.0.202411081344/tools/bin/../lib/gcc/arm-none-eabi/13.3.1/../../../../arm-none-eabi/lib/thumb/v7e-m+fp/hard\libc_nano.a(libc_a-exit.o)
                              C:/ST/STM32CubeIDE_1.18.1/STM32CubeIDE/plugins/com.st.stm32cube.ide.mcu.externaltools.gnu-tools-for-stm32.13.3.rel1.win32_1.0.0.202411081344/tools/bin/../lib/gcc/arm-none-eabi/13.3.1/../../../../arm-none-eabi/lib/thumb/v7e-m+fp/hard/crt0.o (exit)
C:/ST/STM32CubeIDE_1.18.1/STM32CubeIDE/plugins/com.st.stm32cube.ide.mcu.externaltools.gnu-tools-for-stm32.13.3.rel1.win32_1.0.0.202411081344/tools/bin/../lib/gcc/arm-none-eabi/13.3.1/../../../../arm-none-eabi/lib/thumb/v7e-m+fp/hard\libc_nano.a(libc_a-nano-vfprintf_float.o)
                              (_printf_float)
C:/ST/STM32CubeIDE_1.18.1/STM32CubeIDE/plugins/com.st.stm32cube.ide.mcu.externaltools.gnu-tools-for-stm32.13.3.rel1.win32_1.0.0.202411081344/tools/bin/../lib/gcc/arm-none-eabi/13.3.1/../../../../arm-none-eabi/lib/thumb/v7e-m+fp/hard\libc_nano.a(libc_a-nano-vfprintf_i.o)
                              C:/ST/STM32CubeIDE_1.18.1/STM32CubeIDE/plugins/com.st.stm32cube.ide.mcu.externaltools.gnu-tools-for-stm32.13.3.rel1.win32_1.0.0.202411081344/tools/bin/../lib/gcc/arm-none-eabi/13.3.1/../../../../arm-none-eabi/lib/thumb/v7e-m+fp/hard\libc_nano.a(libc_a-nano-vfprintf_float.o) (_printf_common)
C:/ST/STM32CubeIDE_1.18.1/STM32CubeIDE/plugins/com.st.stm32cube.ide.mcu.externaltools.gnu-tools-for-stm32.13.3.rel1.win32_1.0.0.202411081344/tools/bin/../lib/gcc/arm-none-eabi/13.3.1/../../../../arm-none-eabi/lib/thumb/v7e-m+fp/hard\libc_nano.a(libc_a-findfp.o)
                              C:/ST/STM32CubeIDE_1.18.1/STM32CubeIDE/plugins/com.st.stm32cube.ide.mcu.externaltools.gnu-tools-for-stm32.13.3.rel1.win32_1.0.0.202411081344/tools/bin/../lib/gcc/arm-none-eabi/13.3.1/../../../../arm-none-eabi/lib/thumb/v7e-m+fp/hard\libc_nano.a(libc_a-exit.o) (__stdio_exit_handler)
C:/ST/STM32CubeIDE_1.18.1/STM32CubeIDE/plugins/com.st.stm32cube.ide.mcu.externaltools.gnu-tools-for-stm32.13.3.rel1.win32_1.0.0.202411081344/tools/bin/../lib/gcc/arm-none-eabi/13.3.1/../../../../arm-none-eabi/lib/thumb/v7e-m+fp/hard\libc_nano.a(libc_a-fwalk.o)
                              C:/ST/STM32CubeIDE_1.18.1/STM32CubeIDE/plugins/com.st.stm32cube.ide.mcu.externaltools.gnu-tools-for-stm32.13.3.rel1.win32_1.0.0.202411081344/tools/bin/../lib/gcc/arm-none-eabi/13.3.1/../../../../arm-none-eabi/lib/thumb/v7e-m+fp/hard\libc_nano.a(libc_a-findfp.o) (_fwalk_sglue)
C:/ST/STM32CubeIDE_1.18.1/STM32CubeIDE/plugins/com.st.stm32cube.ide.mcu.externaltools.gnu-tools-for-stm32.13.3.rel1.win32_1.0.0.202411081344/tools/bin/../lib/gcc/arm-none-eabi/13.3.1/../../../../arm-none-eabi/lib/thumb/v7e-m+fp/hard\libc_nano.a(libc_a-printf.o)
                              ./Core/Src/drivers/device/bmp280.o (printf)
C:/ST/STM32CubeIDE_1.18.1/STM32CubeIDE/plugins/com.st.stm32cube.ide.mcu.externaltools.gnu-tools-for-stm32.13.3.rel1.win32_1.0.0.202411081344/tools/bin/../lib/gcc/arm-none-eabi/13.3.1/../../../../arm-none-eabi/lib/thumb/v7e-m+fp/hard\libc_nano.a(libc_a-putchar.o)
                              ./Core/Src/drivers/device/esp01.o (putchar)
C:/ST/STM32CubeIDE_1.18.1/STM32CubeIDE/plugins/com.st.stm32cube.ide.mcu.externaltools.gnu-tools-for-stm32.13.3.rel1.win32_1.0.0.202411081344/tools/bin/../lib/gcc/arm-none-eabi/13.3.1/../../../../arm-none-eabi/lib/thumb/v7e-m+fp/hard\libc_nano.a(libc_a-puts.o)
                              ./Core/Src/drivers/device/esp01.o (puts)
C:/ST/STM32CubeIDE_1.18.1/STM32CubeIDE/plugins/com.st.stm32cube.ide.mcu.externaltools.gnu-tools-for-stm32.13.3.rel1.win32_1.0.0.202411081344/tools/bin/../lib/gcc/arm-none-eabi/13.3.1/../../../../arm-none-eabi/lib/thumb/v7e-m+fp/hard\libc_nano.a(libc_a-snprintf.o)
                              ./Core/Src/main.o (snprintf)
C:/ST/STM32CubeIDE_1.18.1/STM32CubeIDE/plugins/com.st.stm32cube.ide.mcu.externaltools.gnu-tools-for-stm32.13.3.rel1.win32_1.0.0.202411081344/tools/bin/../lib/gcc/arm-none-eabi/13.3.1/../../../../arm-none-eabi/lib/thumb/v7e-m+fp/hard\libc_nano.a(libc_a-sprintf.o)
                              ./Core/Src/drivers/device/esp01.o (sprintf)
C:/ST/STM32CubeIDE_1.18.1/STM32CubeIDE/plugins/com.st.stm32cube.ide.mcu.externaltools.gnu-tools-for-stm32.13.3.rel1.win32_1.0.0.202411081344/tools/bin/../lib/gcc/arm-none-eabi/13.3.1/../../../../arm-none-eabi/lib/thumb/v7e-m+fp/hard\libc_nano.a(libc_a-stdio.o)
                              C:/ST/STM32CubeIDE_1.18.1/STM32CubeIDE/plugins/com.st.stm32cube.ide.mcu.externaltools.gnu-tools-for-stm32.13.3.rel1.win32_1.0.0.202411081344/tools/bin/../lib/gcc/arm-none-eabi/13.3.1/../../../../arm-none-eabi/lib/thumb/v7e-m+fp/hard\libc_nano.a(libc_a-findfp.o) (__sread)
[...]
Memory Configuration

Name             Origin             Length             Attributes
RAM              0x20000000         0x00018000         xrw
FLASH            0x08000000         0x00060000         xr
*default*        0x00000000         0xffffffff

Linker script and memory map

LOAD C:/ST/STM32CubeIDE_1.18.1/STM32CubeIDE/plugins/com.st.stm32cube.ide.mcu.externaltools.gnu-tools-for-stm32.13.3.rel1.win32_1.0.0.202411081344/tools/bin/../lib/gcc/arm-none-eabi/13.3.1/thumb/v7e-m+fp/hard/crti.o
LOAD C:/ST/STM32CubeIDE_1.18.1/STM32CubeIDE/plugins/com.st.stm32cube.ide.mcu.externaltools.gnu-tools-for-stm32.13.3.rel1.win32_1.0.0.202411081344/tools/bin/../lib/gcc/arm-none-eabi/13.3.1/thumb/v7e-m+fp/hard/crtbegin.o
LOAD C:/ST/STM32CubeIDE_1.18.1/STM32CubeIDE/plugins/com.st.stm32cube.ide.mcu.externaltools.gnu-tools-for-stm32.13.3.rel1.win32_1.0.0.202411081344/tools/bin/../lib/gcc/arm-none-eabi/13.3.1/../../../../arm-none-eabi/lib/thumb/v7e-m+fp/hard/crt0.o
LOAD ./Core/.metadata/.plugins/org.eclipse.cdt.make.core/specs.o
LOAD ./Core/Src/drivers/device/bmp280.o
LOAD ./Core/Src/drivers/device/esp01.o
LOAD ./Core/Src/drivers/device/mq6.o
LOAD ./Core/Src/drivers/device/mqtt.o
LOAD ./Core/Src/drivers/peripheral/adc.o
LOAD ./Core/Src/drivers/peripheral/gpio.o
LOAD ./Core/Src/drivers/peripheral/i2c.o
LOAD ./Core/Src/drivers/peripheral/iwdg.o
LOAD ./Core/Src/drivers/peripheral/nvic.o
LOAD ./Core/Src/drivers/peripheral/rcc.o
LOAD ./Core/Src/drivers/peripheral/stk.o
LOAD ./Core/Src/drivers/peripheral/tim.o
LOAD ./Core/Src/drivers/peripheral/usart.o
LOAD ./Core/Src/main.o
LOAD ./Core/Src/stm32f4xx_hal_msp.o
LOAD ./Core/Src/stm32f4xx_it.o
LOAD ./Core/Src/syscalls.o
LOAD ./Core/Src/sysmem.o
LOAD ./Core/Src/system_stm32f4xx.o
LOAD ./Core/Startup/startup_stm32f401cdux.o
START GROUP
LOAD C:/ST/STM32CubeIDE_1.18.1/STM32CubeIDE/plugins/com.st.stm32cube.ide.mcu.externaltools.gnu-tools-for-stm32.13.3.rel1.win32_1.0.0.202411081344/tools/bin/../lib/gcc/arm-none-eabi/13.3.1/../../../../arm-none-eabi/lib/thumb/v7e-m+fp/hard\libc_nano.a
LOAD C:/ST/STM32CubeIDE_1.18.1/STM32CubeIDE/plugins/com.st.stm32cube.ide.mcu.externaltools.gnu-tools-for-stm32.13.3.rel1.win32_1.0.0.202411081344/tools/bin/../lib/gcc/arm-none-eabi/13.3.1/../../../../arm-none-eabi/lib/thumb/v7e-m+fp/hard\libm.a
END GROUP
START GROUP
LOAD C:/ST/STM32CubeIDE_1.18.1/STM32CubeIDE/plugins/com.st.stm32cube.ide.mcu.externaltools.gnu-tools-for-stm32.13.3.rel1.win32_1.0.0.202411081344/tools/bin/../lib/gcc/arm-none-eabi/13.3.1/thumb/v7e-m+fp/hard\libgcc.a
LOAD C:/ST/STM32CubeIDE_1.18.1/STM32CubeIDE/plugins/com.st.stm32cube.ide.mcu.externaltools.gnu-tools-for-stm32.13.3.rel1.win32_1.0.0.202411081344/tools/bin/../lib/gcc/arm-none-eabi/13.3.1/../../../../arm-none-eabi/lib/thumb/v7e-m+fp/hard\libc_nano.a
END GROUP
START GROUP
LOAD C:/ST/STM32CubeIDE_1.18.1/STM32CubeIDE/plugins/com.st.stm32cube.ide.mcu.externaltools.gnu-tools-for-stm32.13.3.rel1.win32_1.0.0.202411081344/tools/bin/../lib/gcc/arm-none-eabi/13.3.1/thumb/v7e-m+fp/hard\libgcc.a
LOAD C:/ST/STM32CubeIDE_1.18.1/STM32CubeIDE/plugins/com.st.stm32cube.ide.mcu.externaltools.gnu-tools-for-stm32.13.3.rel1.win32_1.0.0.202411081344/tools/bin/../lib/gcc/arm-none-eabi/13.3.1/../../../../arm-none-eabi/lib/thumb/v7e-m+fp/hard\libc_nano.a
LOAD C:/ST/STM32CubeIDE_1.18.1/STM32CubeIDE/plugins/com.st.stm32cube.ide.mcu.externaltools.gnu-tools-for-stm32.13.3.rel1.win32_1.0.0.202411081344/tools/bin/../lib/gcc/arm-none-eabi/13.3.1/../../../../arm-none-eabi/lib/thumb/v7e-m+fp/hard\libnosys.a
END GROUP
START GROUP
LOAD C:/ST/STM32CubeIDE_1.18.1/STM32CubeIDE/plugins/com.st.stm32cube.ide.mcu.externaltools.gnu-tools-for-stm32.13.3.rel1.win32_1.0.0.202411081344/tools/bin/../lib/gcc/arm-none-eabi/13.3.1/thumb/v7e-m+fp/hard\libgcc.a
LOAD C:/ST/STM32CubeIDE_1.18.1/STM32CubeIDE/plugins/com.st.stm32cube.ide.mcu.externaltools.gnu-tools-for-stm32.13.3.rel1.win32_1.0.0.202411081344/tools/bin/../lib/gcc/arm-none-eabi/13.3.1/../../../../arm-none-eabi/lib/thumb/v7e-m+fp/hard\libc_nano.a
LOAD C:/ST/STM32CubeIDE_1.18.1/STM32CubeIDE/plugins/com.st.stm32cube.ide.mcu.externaltools.gnu-tools-for-stm32.13.3.rel1.win32_1.0.0.202411081344/tools/bin/../lib/gcc/arm-none-eabi/13.3.1/../../../../arm-none-eabi/lib/thumb/v7e-m+fp/hard\libnosys.a
END GROUP
LOAD C:/ST/STM32CubeIDE_1.18.1/STM32CubeIDE/plugins/com.st.stm32cube.ide.mcu.externaltools.gnu-tools-for-stm32.13.3.rel1.win32_1.0.0.202411081344/tools/bin/../lib/gcc/arm-none-eabi/13.3.1/thumb/v7e-m+fp/hard/crtend.o
LOAD C:/ST/STM32CubeIDE_1.18.1/STM32CubeIDE/plugins/com.st.stm32cube.ide.mcu.externaltools.gnu-tools-for-stm32.13.3.rel1.win32_1.0.0.202411081344/tools/bin/../lib/gcc/arm-none-eabi/13.3.1/thumb/v7e-m+fp/hard/crtn.o
                0x20018000                        _estack = (ORIGIN (RAM) + LENGTH (RAM))
                0x00000200                        _Min_Heap_Size = 0x200
                0x00000400                        _Min_Stack_Size = 0x400

.isr_vector     0x08000000      0x194
                0x08000000                        . = ALIGN (0x4)
 *(.isr_vector)
 .isr_vector    0x08000000      0x194 ./Core/Startup/startup_stm32f401cdux.o
                0x08000000                g_pfnVectors
                0x08000194                        . = ALIGN (0x4)

.text           0x080001a0     0x9c30
                0x080001a0                        . = ALIGN (0x4)
 *(.text)
 .text          0x080001a0       0x40 C:/ST/STM32CubeIDE_1.18.1/STM32CubeIDE/plugins/com.st.stm32cube.ide.mcu.externaltools.gnu-tools-for-stm32.13.3.rel1.win32_1.0.0.202411081344/tools/bin/../lib/gcc/arm-none-eabi/13.3.1/thumb/v7e-m+fp/hard/crtbegin.o
 .text          0x080001e0       0x14 C:/ST/STM32CubeIDE_1.18.1/STM32CubeIDE/plugins/com.st.stm32cube.ide.mcu.externaltools.gnu-tools-for-stm32.13.3.rel1.win32_1.0.0.202411081344/tools/bin/../lib/gcc/arm-none-eabi/13.3.1/../../../../arm-none-eabi/lib/thumb/v7e-m+fp/hard\libc_nano.a(libc_a-strcmp.o)
                0x080001e0                strcmp
 *fill*         0x080001f4        0xc 
 .text          0x08000200       0xa0 C:/ST/STM32CubeIDE_1.18.1/STM32CubeIDE/plugins/com.st.stm32cube.ide.mcu.externaltools.gnu-tools-for-stm32.13.3.rel1.win32_1.0.0.202411081344/tools/bin/../lib/gcc/arm-none-eabi/13.3.1/../../../../arm-none-eabi/lib/thumb/v7e-m+fp/hard\libc_nano.a(libc_a-memchr.o)
                0x08000200                memchr
 .text          0x080002a0       0x10 C:/ST/STM32CubeIDE_1.18.1/STM32CubeIDE/plugins/com.st.stm32cube.ide.mcu.externaltools.gnu-tools-for-stm32.13.3.rel1.win32_1.0.0.202411081344/tools/bin/../lib/gcc/arm-none-eabi/13.3.1/../../../../arm-none-eabi/lib/thumb/v7e-m+fp/hard\libc_nano.a(libc_a-strlen.o)
                0x080002a0                strlen
 .text          0x080002b0      0x378 C:/ST/STM32CubeIDE_1.18.1/STM32CubeIDE/plugins/com.st.stm32cube.ide.mcu.externaltools.gnu-tools-for-stm32.13.3.rel1.win32_1.0.0.202411081344/tools/bin/../lib/gcc/arm-none-eabi/13.3.1/thumb/v7e-m+fp/hard\libgcc.a(_arm_addsubdf3.o)
                0x080002b0                __aeabi_drsub
                0x080002b8                __aeabi_dsub
                0x080002b8                __subdf3
                0x080002bc                __aeabi_dadd
                0x080002bc                __adddf3
                0x08000534                __floatunsidf
                0x08000534                __aeabi_ui2d
                0x08000554                __floatsidf
                0x08000554                __aeabi_i2d
                0x08000578                __aeabi_f2d
                0x08000578                __extendsfdf2
                0x080005bc                __floatundidf
                0x080005bc                __aeabi_ul2d
                0x080005cc                __floatdidf
                0x080005cc                __aeabi_l2d
 .text          0x08000628      0x424 C:/ST/STM32CubeIDE_1.18.1/STM32CubeIDE/plugins/com.st.stm32cube.ide.mcu.externaltools.gnu-tools-for-stm32.13.3.rel1.win32_1.0.0.202411081344/tools/bin/../lib/gcc/arm-none-eabi/13.3.1/thumb/v7e-m+fp/hard\libgcc.a(_arm_muldivdf3.o)
                0x08000628                __aeabi_dmul
                0x08000628                __muldf3
                0x0800087c                __divdf3
                0x0800087c                __aeabi_ddiv
 .text          0x08000a4c      0x110 C:/ST/STM32CubeIDE_1.18.1/STM32CubeIDE/plugins/com.st.stm32cube.ide.mcu.externaltools.gnu-tools-for-stm32.13.3.rel1.win32_1.0.0.202411081344/tools/bin/../lib/gcc/arm-none-eabi/13.3.1/thumb/v7e-m+fp/hard\libgcc.a(_arm_cmpdf2.o)
                0x08000a4c                __gtdf2
                0x08000a4c                __gedf2
                0x08000a54                __ltdf2
                0x08000a54                __ledf2
                0x08000a5c                __nedf2
                0x08000a5c                __eqdf2
                0x08000a5c                __cmpdf2
                0x08000ad8                __aeabi_cdrcmple
                0x08000ae8                __aeabi_cdcmpeq
                0x08000ae8                __aeabi_cdcmple
                0x08000af8                __aeabi_dcmpeq
                0x08000b0c                __aeabi_dcmplt
                0x08000b20                __aeabi_dcmple
                0x08000b34                __aeabi_dcmpge
                0x08000b48                __aeabi_dcmpgt
 .text          0x08000b5c       0x2c C:/ST/STM32CubeIDE_1.18.1/STM32CubeIDE/plugins/com.st.stm32cube.ide.mcu.externaltools.gnu-tools-for-stm32.13.3.rel1.win32_1.0.0.202411081344/tools/bin/../lib/gcc/arm-none-eabi/13.3.1/thumb/v7e-m+fp/hard\libgcc.a(_arm_unorddf2.o)
                0x08000b5c                __unorddf2
                0x08000b5c                __aeabi_dcmpun
 .text          0x08000b88       0x50 C:/ST/STM32CubeIDE_1.18.1/STM32CubeIDE/plugins/com.st.stm32cube.ide.mcu.externaltools.gnu-tools-for-stm32.13.3.rel1.win32_1.0.0.202411081344/tools/bin/../lib/gcc/arm-none-eabi/13.3.1/thumb/v7e-m+fp/hard\libgcc.a(_arm_fixdfsi.o)
                0x08000b88                __aeabi_d2iz
                0x08000b88                __fixdfsi
 .text          0x08000bd8       0xa0 C:/ST/STM32CubeIDE_1.18.1/STM32CubeIDE/plugins/com.st.stm32cube.ide.mcu.externaltools.gnu-tools-for-stm32.13.3.rel1.win32_1.0.0.202411081344/tools/bin/../lib/gcc/arm-none-eabi/13.3.1/thumb/v7e-m+fp/hard\libgcc.a(_arm_truncdfsf2.o)
                0x08000bd8                __truncdfsf2
                0x08000bd8                __aeabi_d2f
 .text          0x08000c78       0xa0 C:/ST/STM32CubeIDE_1.18.1/STM32CubeIDE/plugins/com.st.stm32cube.ide.mcu.externaltools.gnu-tools-for-stm32.13.3.rel1.win32_1.0.0.202411081344/tools/bin/../lib/gcc/arm-none-eabi/13.3.1/thumb/v7e-m+fp/hard\libgcc.a(_aeabi_ldivmod.o)
                0x08000c78                __aeabi_ldivmod
 .text          0x08000d18      0x2f8 C:/ST/STM32CubeIDE_1.18.1/STM32CubeIDE/plugins/com.st.stm32cube.ide.mcu.externaltools.gnu-tools-for-stm32.13.3.rel1.win32_1.0.0.202411081344/tools/bin/../lib/gcc/arm-none-eabi/13.3.1/thumb/v7e-m+fp/hard\libgcc.a(_udivmoddi4.o)
                0x08000d18                __udivmoddi4
 .text          0x08001010        0x4 C:/ST/STM32CubeIDE_1.18.1/STM32CubeIDE/plugins/com.st.stm32cube.ide.mcu.externaltools.gnu-tools-for-stm32.13.3.rel1.win32_1.0.0.202411081344/tools/bin/../lib/gcc/arm-none-eabi/13.3.1/thumb/v7e-m+fp/hard\libgcc.a(_dvmd_tls.o)
                0x08001010                __aeabi_idiv0
                0x08001010                __aeabi_ldiv0
 *(.text*)
 .text.BMP280_WriteRegister
                0x08001014       0x58 ./Core/Src/drivers/device/bmp280.o
 .text.BMP280_ReadRegisters
                0x0800106c       0x80 ./Core/Src/drivers/device/bmp280.o
 .text.BMP280_ReadRegister
                0x080010ec       0x22 ./Core/Src/drivers/device/bmp280.o
 *fill*         0x0800110e        0x2 
 .text.BMP280_ReadCalibrationData
                0x08001110      0x114 ./Core/Src/drivers/device/bmp280.o
 .text.BMP280_CompensateTemperature
                0x08001224       0x74 ./Core/Src/drivers/device/bmp280.o
 .text.BMP280_CompensatePressure
                0x08001298      0x570 ./Core/Src/drivers/device/bmp280.o
 .text.BMP280_Initialize
                0x08001808       0xa4 ./Core/Src/drivers/device/bmp280.o
                0x08001808                BMP280_Initialize
 .text.BMP280_Reset
                0x080018ac       0x28 ./Core/Src/drivers/device/bmp280.o
                0x080018ac                BMP280_Reset
 .text.BMP280_Configure
                0x080018d4       0x82 ./Core/Src/drivers/device/bmp280.o
                0x080018d4                BMP280_Configure
 .text.BMP280_GetChipID
                0x08001956       0x24 ./Core/Src/drivers/device/bmp280.o
                0x08001956                BMP280_GetChipID
 .text.BMP280_ReadSensorData
                0x0800197a       0x7e ./Core/Src/drivers/device/bmp280.o
                0x0800197a                BMP280_ReadSensorData
 .text.ESP01_RegisterMQTTCallback
                0x080019f8       0x24 ./Core/Src/drivers/device/esp01.o
                0x080019f8                ESP01_RegisterMQTTCallback
 .text.ESP01_ParseMQTTPublish
                0x08001a1c      0x1b4 ./Core/Src/drivers/device/esp01.o
 .text.ESP01_UART_Callback
                0x08001bd0      0x330 ./Core/Src/drivers/device/esp01.o
 .text.ESP01_ReadFromBuffer
                0x08001f00       0x80 ./Core/Src/drivers/device/esp01.o
 .text.ESP01_StringSearch
                0x08001f80       0x60 ./Core/Src/drivers/device/esp01.o
 .text.ESP01_Initialize
                0x08001fe0       0xbc ./Core/Src/drivers/device/esp01.o
                0x08001fe0                ESP01_Initialize
 .text.ESP01_TestConnection
                0x0800209c       0x68 ./Core/Src/drivers/device/esp01.o
                0x0800209c                ESP01_TestConnection
 .text.ESP01_SetWiFiMode
                0x08002104       0x54 ./Core/Src/drivers/device/esp01.o
                0x08002104                ESP01_SetWiFiMode
 .text.ESP01_ConnectToAP
                0x08002158       0x74 ./Core/Src/drivers/device/esp01.o
                0x08002158                ESP01_ConnectToAP
 .text.ESP01_GetIPAddress
                0x080021cc       0xc4 ./Core/Src/drivers/device/esp01.o
                0x080021cc                ESP01_GetIPAddress
 .text.ESP01_ConnectTCP
                0x08002290       0x9c ./Core/Src/drivers/device/esp01.o
                0x08002290                ESP01_ConnectTCP
 .text.ESP01_SendData
                0x0800232c       0x68 ./Core/Src/drivers/device/esp01.o
                0x0800232c                ESP01_SendData
 .text.ESP01_SendCommand
                0x08002394       0x64 ./Core/Src/drivers/device/esp01.o
                0x08002394                ESP01_SendCommand
 .text.ESP01_WaitForResponse
                0x080023f8      0x444 ./Core/Src/drivers/device/esp01.o
                0x080023f8                ESP01_WaitForResponse
 .text.ESP01_ClearBuffer
                0x0800283c       0x3c ./Core/Src/drivers/device/esp01.o
                0x0800283c                ESP01_ClearBuffer
 .text.ESP01_ProcessMQTTMessages
                0x08002878      0x1fc ./Core/Src/drivers/device/esp01.o
                0x08002878                ESP01_ProcessMQTTMessages
 .text.ESP01_HasPendingMQTTMessage
                0x08002a74       0x18 ./Core/Src/drivers/device/esp01.o
                0x08002a74                ESP01_HasPendingMQTTMessage
 .text.ESP01_ProcessPendingMQTTMessage
                0x08002a8c      0x13c ./Core/Src/drivers/device/esp01.o
                0x08002a8c                ESP01_ProcessPendingMQTTMessage
 .text.MQ6_Initialize
                0x08002bc8       0x44 ./Core/Src/drivers/device/mq6.o
                0x08002bc8                MQ6_Initialize
 .text.MQ6_StartCalibration
                0x08002c0c       0x5c ./Core/Src/drivers/device/mq6.o
                0x08002c0c                MQ6_StartCalibration
 .text.MQ6_Reset
                0x08002c68       0x44 ./Core/Src/drivers/device/mq6.o
                0x08002c68                MQ6_Reset
 .text.MQ6_ReadRaw
                0x08002cac       0x4c ./Core/Src/drivers/device/mq6.o
                0x08002cac                MQ6_ReadRaw
 .text.MQ6_ReadComplete
                0x08002cf8       0xbc ./Core/Src/drivers/device/mq6.o
                0x08002cf8                MQ6_ReadComplete
 .text.MQ6_GetRoValue
                0x08002db4       0x30 ./Core/Src/drivers/device/mq6.o
                0x08002db4                MQ6_GetRoValue
 .text.MQ6_IsCalibrationRequired
                0x08002de4       0x3c ./Core/Src/drivers/device/mq6.o
                0x08002de4                MQ6_IsCalibrationRequired
 .text.MQ6_IsPreheated
                0x08002e20       0x5c ./Core/Src/drivers/device/mq6.o
                0x08002e20                MQ6_IsPreheated
 .text.MQ6_GetPreheatTime
                0x08002e7c       0x44 ./Core/Src/drivers/device/mq6.o
                0x08002e7c                MQ6_GetPreheatTime
 .text.MQ6_ConvertAdcToVoltage
                0x08002ec0       0x34 ./Core/Src/drivers/device/mq6.o
                0x08002ec0                MQ6_ConvertAdcToVoltage
 .text.MQ6_ConvertVoltageToResistance
                0x08002ef4       0x46 ./Core/Src/drivers/device/mq6.o
                0x08002ef4                MQ6_ConvertVoltageToResistance
 *fill*         0x08002f3a        0x2 
 .text.MQ6_ConvertResistanceToRatio
                0x08002f3c       0x44 ./Core/Src/drivers/device/mq6.o
                0x08002f3c                MQ6_ConvertResistanceToRatio
 .text.MQ6_ConvertRatioToPPM
                0x08002f80       0xa4 ./Core/Src/drivers/device/mq6.o
                0x08002f80                MQ6_ConvertRatioToPPM
 .text.PerformMQ6Calibration
                0x08003024      0x11c ./Core/Src/drivers/device/mq6.o
                0x08003024                PerformMQ6Calibration
 .text.ReadADCValues
                0x08003140       0xc4 ./Core/Src/drivers/device/mq6.o
                0x08003140                ReadADCValues
 .text.MQ6_ValidatePointer
                0x08003204       0x20 ./Core/Src/drivers/device/mq6.o
 .text.MQ6_AverageReading
                0x08003224       0x64 ./Core/Src/drivers/device/mq6.o
 .text.MQ6_ExecuteCalibration
                0x08003288       0xb0 ./Core/Src/drivers/device/mq6.o
 .text.MQTT_WriteUTF8String
                0x08003338       0x72 ./Core/Src/drivers/device/mqtt.o
 .text.MQTT_CalculateConnectRemainingLength
                0x080033aa       0x20 ./Core/Src/drivers/device/mqtt.o
 .text.MQTT_CalculatePublishRemainingLength
                0x080033ca       0x3c ./Core/Src/drivers/device/mqtt.o
 .text.MQTT_CalculateSubscribeRemainingLength
                0x08003406       0x20 ./Core/Src/drivers/device/mqtt.o
 *fill*         0x08003426        0x2 
 .text.MQTT_SendPacket
                0x08003428       0x60 ./Core/Src/drivers/device/mqtt.o
 .text.MQTT_Connect
                0x08003488      0x128 ./Core/Src/drivers/device/mqtt.o
                0x08003488                MQTT_Connect
 .text.MQTT_Publish
                0x080035b0      0x194 ./Core/Src/drivers/device/mqtt.o
                0x080035b0                MQTT_Publish
 .text.MQTT_Subscribe
                0x08003744      0x128 ./Core/Src/drivers/device/mqtt.o
                0x08003744                MQTT_Subscribe
 .text.MQTT_SendPingRequest
                0x0800386c       0x58 ./Core/Src/drivers/device/mqtt.o
                0x0800386c                MQTT_SendPingRequest
 .text.MQTT_SendPubAck
                0x080038c4       0x94 ./Core/Src/drivers/device/mqtt.o
                0x080038c4                MQTT_SendPubAck
 .text.ADC_GetRegisterPointer
                0x08003958       0x28 ./Core/Src/drivers/peripheral/adc.o
 .text.ADC_SetSampleTime
                0x08003980       0xa6 ./Core/Src/drivers/peripheral/adc.o
 *fill*         0x08003a26        0x2 
 .text.ADC_Initialize
                0x08003a28       0xcc ./Core/Src/drivers/peripheral/adc.o
                0x08003a28                ADC_Initialize
 .text.ADC_Enable
                0x08003af4       0x34 ./Core/Src/drivers/peripheral/adc.o
                0x08003af4                ADC_Enable
 .text.ADC_StartConversion
                0x08003b28       0x72 ./Core/Src/drivers/peripheral/adc.o
                0x08003b28                ADC_StartConversion
 .text.ADC_ReadValue
                0x08003b9a       0x56 ./Core/Src/drivers/peripheral/adc.o
                0x08003b9a                ADC_ReadValue
 .text.ADC_SetCallback
                0x08003bf0       0x3c ./Core/Src/drivers/peripheral/adc.o
                0x08003bf0                ADC_SetCallback
 .text.ADC_IRQHandler
                0x08003c2c       0x2c ./Core/Src/drivers/peripheral/adc.o
                0x08003c2c                ADC_IRQHandler
 .text.GPIO_SetPinMode
                0x08003c58      0x144 ./Core/Src/drivers/peripheral/gpio.o
                0x08003c58                GPIO_SetPinMode
 .text.GPIO_SetOutputType
                0x08003d9c      0x180 ./Core/Src/drivers/peripheral/gpio.o
                0x08003d9c                GPIO_SetOutputType
 .text.GPIO_SetOutputSpeed
                0x08003f1c      0x144 ./Core/Src/drivers/peripheral/gpio.o
                0x08003f1c                GPIO_SetOutputSpeed
 .text.GPIO_SetPullState
                0x08004060      0x144 ./Core/Src/drivers/peripheral/gpio.o
                0x08004060                GPIO_SetPullState
 .text.GPIO_SetPinValue
                0x080041a4      0x18c ./Core/Src/drivers/peripheral/gpio.o
                0x080041a4                GPIO_SetPinValue
 .text.GPIO_SetPinAltFunction
                0x08004330      0x1b0 ./Core/Src/drivers/peripheral/gpio.o
                0x08004330                GPIO_SetPinAltFunction
 .text.I2C_GetRegisterPointer
                0x080044e0       0x44 ./Core/Src/drivers/peripheral/i2c.o
 .text.I2C_Initialize
                0x08004524       0xba ./Core/Src/drivers/peripheral/i2c.o
                0x08004524                I2C_Initialize
 .text.I2C_Master_Transmit
                0x080045de      0x108 ./Core/Src/drivers/peripheral/i2c.o
                0x080045de                I2C_Master_Transmit
 .text.I2C_Master_Receive
                0x080046e6      0x10a ./Core/Src/drivers/peripheral/i2c.o
                0x080046e6                I2C_Master_Receive
 .text.I2C1_EV_IRQHandler
                0x080047f0       0x1c ./Core/Src/drivers/peripheral/i2c.o
                0x080047f0                I2C1_EV_IRQHandler
 .text.I2C1_ER_IRQHandler
                0x0800480c       0x1c ./Core/Src/drivers/peripheral/i2c.o
                0x0800480c                I2C1_ER_IRQHandler
 .text.IWDG_WaitForUpdate
                0x08004828       0x40 ./Core/Src/drivers/peripheral/iwdg.o
 .text.IWDG_Initialize
                0x08004868       0x88 ./Core/Src/drivers/peripheral/iwdg.o
                0x08004868                IWDG_Initialize
 .text.IWDG_Refresh
                0x080048f0       0x1c ./Core/Src/drivers/peripheral/iwdg.o
                0x080048f0                IWDG_Refresh
 .text.NVIC_EnableInterrupt
                0x0800490c       0x3c ./Core/Src/drivers/peripheral/nvic.o
                0x0800490c                NVIC_EnableInterrupt
 .text.NVIC_SetInterruptPriority
                0x08004948       0xb8 ./Core/Src/drivers/peripheral/nvic.o
                0x08004948                NVIC_SetInterruptPriority
 .text.NVIC_SetInterruptGroupMode
                0x08004a00       0x34 ./Core/Src/drivers/peripheral/nvic.o
                0x08004a00                NVIC_SetInterruptGroupMode
 .text.RCC_EnablePeripheralClock
                0x08004a34       0x9c ./Core/Src/drivers/peripheral/rcc.o
                0x08004a34                RCC_EnablePeripheralClock
 .text.RCC_InitializeSystemClock
                0x08004ad0       0x58 ./Core/Src/drivers/peripheral/rcc.o
                0x08004ad0                RCC_InitializeSystemClock
 .text.RCC_EnableLSI
                0x08004b28       0x50 ./Core/Src/drivers/peripheral/rcc.o
                0x08004b28                RCC_EnableLSI
 .text.RCC_WasResetByIWDG
                0x08004b78       0x24 ./Core/Src/drivers/peripheral/rcc.o
                0x08004b78                RCC_WasResetByIWDG
 .text.RCC_ClearResetFlags
                0x08004b9c       0x20 ./Core/Src/drivers/peripheral/rcc.o
                0x08004b9c                RCC_ClearResetFlags
 .text.STK_Initialize
                0x08004bbc       0x28 ./Core/Src/drivers/peripheral/stk.o
                0x08004bbc                STK_Initialize
 .text.STK_DelayMs
                0x08004be4       0x30 ./Core/Src/drivers/peripheral/stk.o
                0x08004be4                STK_DelayMs
 .text.STK_SudoDelay
                0x08004c14       0x34 ./Core/Src/drivers/peripheral/stk.o
                0x08004c14                STK_SudoDelay
 .text.STK_GetMillis
                0x08004c48       0x18 ./Core/Src/drivers/peripheral/stk.o
                0x08004c48                STK_GetMillis
 .text.STK_DelayElapsed
                0x08004c60       0x34 ./Core/Src/drivers/peripheral/stk.o
                0x08004c60                STK_DelayElapsed
 .text.SysTick_Handler
                0x08004c94       0x1c ./Core/Src/drivers/peripheral/stk.o
                0x08004c94                SysTick_Handler
 .text.TIM_PWM_Init
                0x08004cb0      0x12c ./Core/Src/drivers/peripheral/tim.o
                0x08004cb0                TIM_PWM_Init
 .text.TIM_PWM_SetDutyCycle
                0x08004ddc       0x58 ./Core/Src/drivers/peripheral/tim.o
                0x08004ddc                TIM_PWM_SetDutyCycle
 .text.USART_GetRegisterPointer
                0x08004e34       0x34 ./Core/Src/drivers/peripheral/usart.o
 .text.USART_Initialize
                0x08004e68      0x16c ./Core/Src/drivers/peripheral/usart.o
                0x08004e68                USART_Initialize
 .text.USART_SendData
                0x08004fd4       0x88 ./Core/Src/drivers/peripheral/usart.o
                0x08004fd4                USART_SendData
 .text.USART_ReadData
                0x0800505c       0x2c ./Core/Src/drivers/peripheral/usart.o
                0x0800505c                USART_ReadData
 .text.USART_Enable
                0x08005088       0x32 ./Core/Src/drivers/peripheral/usart.o
                0x08005088                USART_Enable
 *fill*         0x080050ba        0x2 
 .text.USART_SetCallback
                0x080050bc       0x4c ./Core/Src/drivers/peripheral/usart.o
                0x080050bc                USART_SetCallback
 .text.USART1_IRQHandler
                0x08005108       0x2c ./Core/Src/drivers/peripheral/usart.o
                0x08005108                USART1_IRQHandler
 .text.USART2_IRQHandler
                0x08005134       0x2c ./Core/Src/drivers/peripheral/usart.o
                0x08005134                USART2_IRQHandler
 .text.USART_WriteByte
                0x08005160       0x5c ./Core/Src/drivers/peripheral/usart.o
                0x08005160                USART_WriteByte
 .text.__io_putchar
                0x080051bc       0x1e ./Core/Src/drivers/peripheral/usart.o
                0x080051bc                __io_putchar
 *fill*         0x080051da        0x2 
 .text.AppLog   0x080051dc       0x7c ./Core/Src/main.o
 .text.ADC_ConversionCallback
                0x08005258       0x20 ./Core/Src/main.o
                0x08005258                ADC_ConversionCallback
 .text.SystemClock_Init
                0x08005278       0x48 ./Core/Src/main.o
                0x08005278                SystemClock_Init
 .text.GPIO_Init
                0x080052c0      0x116 ./Core/Src/main.o
                0x080052c0                GPIO_Init
 .text.NVIC_Init
                0x080053d6       0x32 ./Core/Src/main.o
                0x080053d6                NVIC_Init
 .text.USART_Init
                0x08005408       0x36 ./Core/Src/main.o
                0x08005408                USART_Init
 *fill*         0x0800543e        0x2 
 .text.ADC_Init
                0x08005440       0x88 ./Core/Src/main.o
                0x08005440                ADC_Init
 .text.I2C_Init
                0x080054c8       0x48 ./Core/Src/main.o
                0x080054c8                I2C_Init
 .text.MQ6_Init
                0x08005510       0x50 ./Core/Src/main.o
                0x08005510                MQ6_Init
 .text.BMP280_Init
                0x08005560       0x60 ./Core/Src/main.o
                0x08005560                BMP280_Init
 .text.IWDG_Init
                0x080055c0       0x84 ./Core/Src/main.o
                0x080055c0                IWDG_Init
 .text.IWDG_RefreshTask
                0x08005644       0x30 ./Core/Src/main.o
                0x08005644                IWDG_RefreshTask
 .text.LED_UpdateNormal
                0x08005674       0x58 ./Core/Src/main.o
                0x08005674                LED_UpdateNormal
 .text.LED_UpdateError
                0x080056cc       0x54 ./Core/Src/main.o
                0x080056cc                LED_UpdateError
 .text.FormatMQ6Message
                0x08005720       0x70 ./Core/Src/main.o
                0x08005720                FormatMQ6Message
 .text.FormatBMP280Message
                0x08005790       0xcc ./Core/Src/main.o
                0x08005790                FormatBMP280Message
 .text.HandleMQ6Sensor
                0x0800585c       0xf0 ./Core/Src/main.o
                0x0800585c                HandleMQ6Sensor
 .text.PublishMQ6Data
                0x0800594c       0x9c ./Core/Src/main.o
                0x0800594c                PublishMQ6Data
 .text.PublishBMP280Data
                0x080059e8       0x84 ./Core/Src/main.o
                0x080059e8                PublishBMP280Data
 .text.PublishSensorStatus
                0x08005a6c       0xc0 ./Core/Src/main.o
                0x08005a6c                PublishSensorStatus
 .text.PublishPWMStatus
                0x08005b2c       0x6c ./Core/Src/main.o
                0x08005b2c                PublishPWMStatus
 .text.HandleMQTTRunning
                0x08005b98       0x64 ./Core/Src/main.o
                0x08005b98                HandleMQTTRunning
 .text.SendDeferredPWMAck
                0x08005bfc       0x70 ./Core/Src/main.o
                0x08005bfc                SendDeferredPWMAck
 .text.MQTT_MessageCallback
                0x08005c6c      0x2d8 ./Core/Src/main.o
                0x08005c6c                MQTT_MessageCallback
 .text.HandleESP01Init
                0x08005f44       0x54 ./Core/Src/main.o
                0x08005f44                HandleESP01Init
 .text.HandleWiFiMode
                0x08005f98       0x4c ./Core/Src/main.o
                0x08005f98                HandleWiFiMode
 .text.HandleWiFiConnect
                0x08005fe4       0x58 ./Core/Src/main.o
                0x08005fe4                HandleWiFiConnect
 .text.HandleGetIP
                0x0800603c       0x54 ./Core/Src/main.o
                0x0800603c                HandleGetIP
 .text.HandleMQTTConnectTCP
                0x08006090       0x58 ./Core/Src/main.o
                0x08006090                HandleMQTTConnectTCP
 .text.HandleMQTTConnectProtocol
                0x080060e8       0x58 ./Core/Src/main.o
                0x080060e8                HandleMQTTConnectProtocol
 .text.HandleMQTTSubscribe
                0x08006140       0xc8 ./Core/Src/main.o
                0x08006140                HandleMQTTSubscribe
 .text.HandleError
                0x08006208       0x40 ./Core/Src/main.o
                0x08006208                HandleError
 .text.main     0x08006248      0x258 ./Core/Src/main.o
                0x08006248                main
 .text.NMI_Handler
                0x080064a0        0x8 ./Core/Src/stm32f4xx_it.o
                0x080064a0                NMI_Handler
 .text.HardFault_Handler
                0x080064a8        0x8 ./Core/Src/stm32f4xx_it.o
                0x080064a8                HardFault_Handler
 .text.MemManage_Handler
                0x080064b0        0x8 ./Core/Src/stm32f4xx_it.o
                0x080064b0                MemManage_Handler
 .text.BusFault_Handler
                0x080064b8        0x8 ./Core/Src/stm32f4xx_it.o
                0x080064b8                BusFault_Handler
 .text.UsageFault_Handler
                0x080064c0        0x8 ./Core/Src/stm32f4xx_it.o
                0x080064c0                UsageFault_Handler
 .text.SVC_Handler
                0x080064c8        0xe ./Core/Src/stm32f4xx_it.o
                0x080064c8                SVC_Handler
 .text.DebugMon_Handler
                0x080064d6        0xe ./Core/Src/stm32f4xx_it.o
                0x080064d6                DebugMon_Handler
 .text.PendSV_Handler
                0x080064e4        0xe ./Core/Src/stm32f4xx_it.o
                0x080064e4                PendSV_Handler
 .text._getpid  0x080064f2       0x10 ./Core/Src/syscalls.o
                0x080064f2                _getpid
 .text._kill    0x08006502       0x20 ./Core/Src/syscalls.o
                0x08006502                _kill
 .text._exit    0x08006522       0x16 ./Core/Src/syscalls.o
                0x08006522                _exit
 .text._read    0x08006538       0x3a ./Core/Src/syscalls.o
                0x08006538                _read
 .text._write   0x08006572       0x38 ./Core/Src/syscalls.o
                0x08006572                _write
 .text._close   0x080065aa       0x18 ./Core/Src/syscalls.o
                0x080065aa                _close
 .text._fstat   0x080065c2       0x20 ./Core/Src/syscalls.o
                0x080065c2                _fstat
 .text._isatty  0x080065e2       0x16 ./Core/Src/syscalls.o
                0x080065e2                _isatty
 .text._lseek   0x080065f8       0x1a ./Core/Src/syscalls.o
                0x080065f8                _lseek
 *fill*         0x08006612        0x2 
 .text._sbrk    0x08006614       0x6c ./Core/Src/sysmem.o
                0x08006614                _sbrk
 .text.SystemInit
                0x08006680       0x24 ./Core/Src/system_stm32f4xx.o
                0x08006680                SystemInit
 .text.Reset_Handler
                0x080066a4       0x50 ./Core/Startup/startup_stm32f401cdux.o
                0x080066a4                Reset_Handler
 .text.Default_Handler
                0x080066f4        0x2 ./Core/Startup/startup_stm32f401cdux.o
                0x080066f4                RTC_Alarm_IRQHandler
                0x080066f4                EXTI2_IRQHandler
                0x080066f4                SPI4_IRQHandler
                0x080066f4                TIM1_CC_IRQHandler
                0x080066f4                DMA2_Stream5_IRQHandler
                0x080066f4                DMA1_Stream5_IRQHandler
                0x080066f4                PVD_IRQHandler
                0x080066f4                SDIO_IRQHandler
                0x080066f4                TAMP_STAMP_IRQHandler
                0x080066f4                EXTI3_IRQHandler
                0x080066f4                TIM1_UP_TIM10_IRQHandler
                0x080066f4                I2C3_ER_IRQHandler
                0x080066f4                EXTI0_IRQHandler
                0x080066f4                I2C2_EV_IRQHandler
                0x080066f4                DMA1_Stream2_IRQHandler
                0x080066f4                FPU_IRQHandler
                0x080066f4                DMA2_Stream2_IRQHandler
                0x080066f4                SPI1_IRQHandler
                0x080066f4                TIM1_BRK_TIM9_IRQHandler
                0x080066f4                DMA2_Stream3_IRQHandler
                0x080066f4                USART6_IRQHandler
                0x080066f4                DMA2_Stream0_IRQHandler
                0x080066f4                TIM4_IRQHandler
                0x080066f4                DMA1_Stream6_IRQHandler
                0x080066f4                DMA1_Stream1_IRQHandler
                0x080066f4                TIM3_IRQHandler
                0x080066f4                RCC_IRQHandler
                0x080066f4                Default_Handler
                0x080066f4                EXTI15_10_IRQHandler
                0x080066f4                DMA1_Stream7_IRQHandler
                0x080066f4                TIM5_IRQHandler
                0x080066f4                DMA2_Stream7_IRQHandler
                0x080066f4                I2C3_EV_IRQHandler
                0x080066f4                EXTI9_5_IRQHandler
                0x080066f4                RTC_WKUP_IRQHandler
                0x080066f4                SPI2_IRQHandler
                0x080066f4                DMA1_Stream0_IRQHandler
                0x080066f4                EXTI4_IRQHandler
                0x080066f4                WWDG_IRQHandler
                0x080066f4                TIM2_IRQHandler
                0x080066f4                OTG_FS_WKUP_IRQHandler
                0x080066f4                TIM1_TRG_COM_TIM11_IRQHandler
                0x080066f4                EXTI1_IRQHandler
                0x080066f4                I2C2_ER_IRQHandler
                0x080066f4                DMA2_Stream1_IRQHandler
                0x080066f4                FLASH_IRQHandler
                0x080066f4                DMA2_Stream4_IRQHandler
                0x080066f4                OTG_FS_IRQHandler
                0x080066f4                SPI3_IRQHandler
                0x080066f4                DMA1_Stream4_IRQHandler
                0x080066f4                DMA2_Stream6_IRQHandler
                0x080066f4                DMA1_Stream3_IRQHandler
 .text.__cvt    0x080066f6       0xca C:/ST/STM32CubeIDE_1.18.1/STM32CubeIDE/plugins/com.st.stm32cube.ide.mcu.externaltools.gnu-tools-for-stm32.13.3.rel1.win32_1.0.0.202411081344/tools/bin/../lib/gcc/arm-none-eabi/13.3.1/../../../../arm-none-eabi/lib/thumb/v7e-m+fp/hard\libc_nano.a(libc_a-nano-vfprintf_float.o)
                0x080066f6                __cvt
 .text.__exponent
                0x080067c0       0x74 C:/ST/STM32CubeIDE_1.18.1/STM32CubeIDE/plugins/com.st.stm32cube.ide.mcu.externaltools.gnu-tools-for-stm32.13.3.rel1.win32_1.0.0.202411081344/tools/bin/../lib/gcc/arm-none-eabi/13.3.1/../../../../arm-none-eabi/lib/thumb/v7e-m+fp/hard\libc_nano.a(libc_a-nano-vfprintf_float.o)
                0x080067c0                __exponent
 .text._printf_float
                0x08006834      0x454 C:/ST/STM32CubeIDE_1.18.1/STM32CubeIDE/plugins/com.st.stm32cube.ide.mcu.externaltools.gnu-tools-for-stm32.13.3.rel1.win32_1.0.0.202411081344/tools/bin/../lib/gcc/arm-none-eabi/13.3.1/../../../../arm-none-eabi/lib/thumb/v7e-m+fp/hard\libc_nano.a(libc_a-nano-vfprintf_float.o)
                0x08006834                _printf_float
 .text._printf_common
                0x08006c88       0xda C:/ST/STM32CubeIDE_1.18.1/STM32CubeIDE/plugins/com.st.stm32cube.ide.mcu.externaltools.gnu-tools-for-stm32.13.3.rel1.win32_1.0.0.202411081344/tools/bin/../lib/gcc/arm-none-eabi/13.3.1/../../../../arm-none-eabi/lib/thumb/v7e-m+fp/hard\libc_nano.a(libc_a-nano-vfprintf_i.o)
                0x08006c88                _printf_common
 *fill*         0x08006d62        0x2 
 .text._printf_i
                0x08006d64      0x23c C:/ST/STM32CubeIDE_1.18.1/STM32CubeIDE/plugins/com.st.stm32cube.ide.mcu.externaltools.gnu-tools-for-stm32.13.3.rel1.win32_1.0.0.202411081344/tools/bin/../lib/gcc/arm-none-eabi/13.3.1/../../../../arm-none-eabi/lib/thumb/v7e-m+fp/hard\libc_nano.a(libc_a-nano-vfprintf_i.o)
                0x08006d64                _printf_i
 .text.std      0x08006fa0       0x6c C:/ST/STM32CubeIDE_1.18.1/STM32CubeIDE/plugins/com.st.stm32cube.ide.mcu.externaltools.gnu-tools-for-stm32.13.3.rel1.win32_1.0.0.202411081344/tools/bin/../lib/gcc/arm-none-eabi/13.3.1/../../../../arm-none-eabi/lib/thumb/v7e-m+fp/hard\libc_nano.a(libc_a-findfp.o)
 .text.stdio_exit_handler
                0x0800700c       0x18 C:/ST/STM32CubeIDE_1.18.1/STM32CubeIDE/plugins/com.st.stm32cube.ide.mcu.externaltools.gnu-tools-for-stm32.13.3.rel1.win32_1.0.0.202411081344/tools/bin/../lib/gcc/arm-none-eabi/13.3.1/../../../../arm-none-eabi/lib/thumb/v7e-m+fp/hard\libc_nano.a(libc_a-findfp.o)
 .text.cleanup_stdio
                0x08007024       0x40 C:/ST/STM32CubeIDE_1.18.1/STM32CubeIDE/plugins/com.st.stm32cube.ide.mcu.externaltools.gnu-tools-for-stm32.13.3.rel1.win32_1.0.0.202411081344/tools/bin/../lib/gcc/arm-none-eabi/13.3.1/../../../../arm-none-eabi/lib/thumb/v7e-m+fp/hard\libc_nano.a(libc_a-findfp.o)
 .text.global_stdio_init.part.0
                0x08007064       0x3c C:/ST/STM32CubeIDE_1.18.1/STM32CubeIDE/plugins/com.st.stm32cube.ide.mcu.externaltools.gnu-tools-for-stm32.13.3.rel1.win32_1.0.0.202411081344/tools/bin/../lib/gcc/arm-none-eabi/13.3.1/../../../../arm-none-eabi/lib/thumb/v7e-m+fp/hard\libc_nano.a(libc_a-findfp.o)
 .text.__sfp_lock_acquire
                0x080070a0        0xc C:/ST/STM32CubeIDE_1.18.1/STM32CubeIDE/plugins/com.st.stm32cube.ide.mcu.externaltools.gnu-tools-for-stm32.13.3.rel1.win32_1.0.0.202411081344/tools/bin/../lib/gcc/arm-none-eabi/13.3.1/../../../../arm-none-eabi/lib/thumb/v7e-m+fp/hard\libc_nano.a(libc_a-findfp.o)
                0x080070a0                __sfp_lock_acquire
 .text.__sfp_lock_release
                0x080070ac        0xc C:/ST/STM32CubeIDE_1.18.1/STM32CubeIDE/plugins/com.st.stm32cube.ide.mcu.externaltools.gnu-tools-for-stm32.13.3.rel1.win32_1.0.0.202411081344/tools/bin/../lib/gcc/arm-none-eabi/13.3.1/../../../../arm-none-eabi/lib/thumb/v7e-m+fp/hard\libc_nano.a(libc_a-findfp.o)
                0x080070ac                __sfp_lock_release
 .text.__sinit  0x080070b8       0x30 C:/ST/STM32CubeIDE_1.18.1/STM32CubeIDE/plugins/com.st.stm32cube.ide.mcu.externaltools.gnu-tools-for-stm32.13.3.rel1.win32_1.0.0.202411081344/tools/bin/../lib/gcc/arm-none-eabi/13.3.1/../../../../arm-none-eabi/lib/thumb/v7e-m+fp/hard\libc_nano.a(libc_a-findfp.o)
                0x080070b8                __sinit
 .text._fwalk_sglue
                0x080070e8       0x3c C:/ST/STM32CubeIDE_1.18.1/STM32CubeIDE/plugins/com.st.stm32cube.ide.mcu.externaltools.gnu-tools-for-stm32.13.3.rel1.win32_1.0.0.202411081344/tools/bin/../lib/gcc/arm-none-eabi/13.3.1/../../../../arm-none-eabi/lib/thumb/v7e-m+fp/hard\libc_nano.a(libc_a-fwalk.o)
                0x080070e8                _fwalk_sglue
 .text.printf   0x08007124       0x24 C:/ST/STM32CubeIDE_1.18.1/STM32CubeIDE/plugins/com.st.stm32cube.ide.mcu.externaltools.gnu-tools-for-stm32.13.3.rel1.win32_1.0.0.202411081344/tools/bin/../lib/gcc/arm-none-eabi/13.3.1/../../../../arm-none-eabi/lib/thumb/v7e-m+fp/hard\libc_nano.a(libc_a-printf.o)
                0x08007124                iprintf
                0x08007124                printf
 .text.putchar  0x08007148       0x10 C:/ST/STM32CubeIDE_1.18.1/STM32CubeIDE/plugins/com.st.stm32cube.ide.mcu.externaltools.gnu-tools-for-stm32.13.3.rel1.win32_1.0.0.202411081344/tools/bin/../lib/gcc/arm-none-eabi/13.3.1/../../../../arm-none-eabi/lib/thumb/v7e-m+fp/hard\libc_nano.a(libc_a-putchar.o)
                0x08007148                putchar
 .text._puts_r  0x08007158       0xaa C:/ST/STM32CubeIDE_1.18.1/STM32CubeIDE/plugins/com.st.stm32cube.ide.mcu.externaltools.gnu-tools-for-stm32.13.3.rel1.win32_1.0.0.202411081344/tools/bin/../lib/gcc/arm-none-eabi/13.3.1/../../../../arm-none-eabi/lib/thumb/v7e-m+fp/hard\libc_nano.a(libc_a-puts.o)
                0x08007158                _puts_r
 *fill*         0x08007202        0x2 
 .text.puts     0x08007204       0x10 C:/ST/STM32CubeIDE_1.18.1/STM32CubeIDE/plugins/com.st.stm32cube.ide.mcu.externaltools.gnu-tools-for-stm32.13.3.rel1.win32_1.0.0.202411081344/tools/bin/../lib/gcc/arm-none-eabi/13.3.1/../../../../arm-none-eabi/lib/thumb/v7e-m+fp/hard\libc_nano.a(libc_a-puts.o)
                0x08007204                puts
 .text.snprintf
                0x08007214       0x6c C:/ST/STM32CubeIDE_1.18.1/STM32CubeIDE/plugins/com.st.stm32cube.ide.mcu.externaltools.gnu-tools-for-stm32.13.3.rel1.win32_1.0.0.202411081344/tools/bin/../lib/gcc/arm-none-eabi/13.3.1/../../../../arm-none-eabi/lib/thumb/v7e-m+fp/hard\libc_nano.a(libc_a-snprintf.o)
                0x08007214                sniprintf
                0x08007214                snprintf
 .text.sprintf  0x08007280       0x44 C:/ST/STM32CubeIDE_1.18.1/STM32CubeIDE/plugins/com.st.stm32cube.ide.mcu.externaltools.gnu-tools-for-stm32.13.3.rel1.win32_1.0.0.202411081344/tools/bin/../lib/gcc/arm-none-eabi/13.3.1/../../../../arm-none-eabi/lib/thumb/v7e-m+fp/hard\libc_nano.a(libc_a-sprintf.o)
                0x08007280                siprintf
                0x08007280                sprintf
 .text.__sread  0x080072c4       0x22 C:/ST/STM32CubeIDE_1.18.1/STM32CubeIDE/plugins/com.st.stm32cube.ide.mcu.externaltools.gnu-tools-for-stm32.13.3.rel1.win32_1.0.0.202411081344/tools/bin/../lib/gcc/arm-none-eabi/13.3.1/../../../../arm-none-eabi/lib/thumb/v7e-m+fp/hard\libc_nano.a(libc_a-stdio.o)
                0x080072c4                __sread
 .text.__swrite
                0x080072e6       0x38 C:/ST/STM32CubeIDE_1.18.1/STM32CubeIDE/plugins/com.st.stm32cube.ide.mcu.externaltools.gnu-tools-for-stm32.13.3.rel1.win32_1.0.0.202411081344/tools/bin/../lib/gcc/arm-none-eabi/13.3.1/../../../../arm-none-eabi/lib/thumb/v7e-m+fp/hard\libc_nano.a(libc_a-stdio.o)
                0x080072e6                __swrite
 .text.__sseek  0x0800731e       0x24 C:/ST/STM32CubeIDE_1.18.1/STM32CubeIDE/plugins/com.st.stm32cube.ide.mcu.externaltools.gnu-tools-for-stm32.13.3.rel1.win32_1.0.0.202411081344/tools/bin/../lib/gcc/arm-none-eabi/13.3.1/../../../../arm-none-eabi/lib/thumb/v7e-m+fp/hard\libc_nano.a(libc_a-stdio.o)
                0x0800731e                __sseek
 .text.__sclose
                0x08007342        0x8 C:/ST/STM32CubeIDE_1.18.1/STM32CubeIDE/plugins/com.st.stm32cube.ide.mcu.externaltools.gnu-tools-for-stm32.13.3.rel1.win32_1.0.0.202411081344/tools/bin/../lib/gcc/arm-none-eabi/13.3.1/../../../../arm-none-eabi/lib/thumb/v7e-m+fp/hard\libc_nano.a(libc_a-stdio.o)
                0x08007342                __sclose
 .text._vsnprintf_r
                0x0800734a       0x5c C:/ST/STM32CubeIDE_1.18.1/STM32CubeIDE/plugins/com.st.stm32cube.ide.mcu.externaltools.gnu-tools-for-stm32.13.3.rel1.win32_1.0.0.202411081344/tools/bin/../lib/gcc/arm-none-eabi/13.3.1/../../../../arm-none-eabi/lib/thumb/v7e-m+fp/hard\libc_nano.a(libc_a-vsnprintf.o)
                0x0800734a                _vsniprintf_r
                0x0800734a                _vsnprintf_r
 *fill*         0x080073a6        0x2 
 .text.vsnprintf
                0x080073a8       0x1c C:/ST/STM32CubeIDE_1.18.1/STM32CubeIDE/plugins/com.st.stm32cube.ide.mcu.externaltools.gnu-tools-for-stm32.13.3.rel1.win32_1.0.0.202411081344/tools/bin/../lib/gcc/arm-none-eabi/13.3.1/../../../../arm-none-eabi/lib/thumb/v7e-m+fp/hard\libc_nano.a(libc_a-vsnprintf.o)
                0x080073a8                vsniprintf
                0x080073a8                vsnprintf
 .text.__swbuf_r
                0x080073c4       0x7c C:/ST/STM32CubeIDE_1.18.1/STM32CubeIDE/plugins/com.st.stm32cube.ide.mcu.externaltools.gnu-tools-for-stm32.13.3.rel1.win32_1.0.0.202411081344/tools/bin/../lib/gcc/arm-none-eabi/13.3.1/../../../../arm-none-eabi/lib/thumb/v7e-m+fp/hard\libc_nano.a(libc_a-wbuf.o)
                0x080073c4                __swbuf_r
 .text.__swsetup_r
                0x08007440       0xac C:/ST/STM32CubeIDE_1.18.1/STM32CubeIDE/plugins/com.st.stm32cube.ide.mcu.externaltools.gnu-tools-for-stm32.13.3.rel1.win32_1.0.0.202411081344/tools/bin/../lib/gcc/arm-none-eabi/13.3.1/../../../../arm-none-eabi/lib/thumb/v7e-m+fp/hard\libc_nano.a(libc_a-wsetup.o)
                0x08007440                __swsetup_r
 .text.memset   0x080074ec       0x10 C:/ST/STM32CubeIDE_1.18.1/STM32CubeIDE/plugins/com.st.stm32cube.ide.mcu.externaltools.gnu-tools-for-stm32.13.3.rel1.win32_1.0.0.202411081344/tools/bin/../lib/gcc/arm-none-eabi/13.3.1/../../../../arm-none-eabi/lib/thumb/v7e-m+fp/hard\libc_nano.a(libc_a-memset.o)
                0x080074ec                memset
 .text.strncmp  0x080074fc       0x24 C:/ST/STM32CubeIDE_1.18.1/STM32CubeIDE/plugins/com.st.stm32cube.ide.mcu.externaltools.gnu-tools-for-stm32.13.3.rel1.win32_1.0.0.202411081344/tools/bin/../lib/gcc/arm-none-eabi/13.3.1/../../../../arm-none-eabi/lib/thumb/v7e-m+fp/hard\libc_nano.a(libc_a-strncmp.o)
                0x080074fc                strncmp
 .text.strstr   0x08007520       0x2c C:/ST/STM32CubeIDE_1.18.1/STM32CubeIDE/plugins/com.st.stm32cube.ide.mcu.externaltools.gnu-tools-for-stm32.13.3.rel1.win32_1.0.0.202411081344/tools/bin/../lib/gcc/arm-none-eabi/13.3.1/../../../../arm-none-eabi/lib/thumb/v7e-m+fp/hard\libc_nano.a(libc_a-strstr.o)
                0x08007520                strstr
 .text._localeconv_r
                0x0800754c        0x8 C:/ST/STM32CubeIDE_1.18.1/STM32CubeIDE/plugins/com.st.stm32cube.ide.mcu.externaltools.gnu-tools-for-stm32.13.3.rel1.win32_1.0.0.202411081344/tools/bin/../lib/gcc/arm-none-eabi/13.3.1/../../../../arm-none-eabi/lib/thumb/v7e-m+fp/hard\libc_nano.a(libc_a-localeconv.o)
                0x0800754c                _localeconv_r
 .text._close_r
                0x08007554       0x20 C:/ST/STM32CubeIDE_1.18.1/STM32CubeIDE/plugins/com.st.stm32cube.ide.mcu.externaltools.gnu-tools-for-stm32.13.3.rel1.win32_1.0.0.202411081344/tools/bin/../lib/gcc/arm-none-eabi/13.3.1/../../../../arm-none-eabi/lib/thumb/v7e-m+fp/hard\libc_nano.a(libc_a-closer.o)
                0x08007554                _close_r
 .text._lseek_r
                0x08007574       0x24 C:/ST/STM32CubeIDE_1.18.1/STM32CubeIDE/plugins/com.st.stm32cube.ide.mcu.externaltools.gnu-tools-for-stm32.13.3.rel1.win32_1.0.0.202411081344/tools/bin/../lib/gcc/arm-none-eabi/13.3.1/../../../../arm-none-eabi/lib/thumb/v7e-m+fp/hard\libc_nano.a(libc_a-lseekr.o)
                0x08007574                _lseek_r
 .text._read_r  0x08007598       0x24 C:/ST/STM32CubeIDE_1.18.1/STM32CubeIDE/plugins/com.st.stm32cube.ide.mcu.externaltools.gnu-tools-for-stm32.13.3.rel1.win32_1.0.0.202411081344/tools/bin/../lib/gcc/arm-none-eabi/13.3.1/../../../../arm-none-eabi/lib/thumb/v7e-m+fp/hard\libc_nano.a(libc_a-readr.o)
                0x08007598                _read_r
 .text._write_r
                0x080075bc       0x24 C:/ST/STM32CubeIDE_1.18.1/STM32CubeIDE/plugins/com.st.stm32cube.ide.mcu.externaltools.gnu-tools-for-stm32.13.3.rel1.win32_1.0.0.202411081344/tools/bin/../lib/gcc/arm-none-eabi/13.3.1/../../../../arm-none-eabi/lib/thumb/v7e-m+fp/hard\libc_nano.a(libc_a-writer.o)
                0x080075bc                _write_r
 .text.__errno  0x080075e0        0xc C:/ST/STM32CubeIDE_1.18.1/STM32CubeIDE/plugins/com.st.stm32cube.ide.mcu.externaltools.gnu-tools-for-stm32.13.3.rel1.win32_1.0.0.202411081344/tools/bin/../lib/gcc/arm-none-eabi/13.3.1/../../../../arm-none-eabi/lib/thumb/v7e-m+fp/hard\libc_nano.a(libc_a-errno.o)
                0x080075e0                __errno
 .text.__libc_init_array
                0x080075ec       0x48 C:/ST/STM32CubeIDE_1.18.1/STM32CubeIDE/plugins/com.st.stm32cube.ide.mcu.externaltools.gnu-tools-for-stm32.13.3.rel1.win32_1.0.0.202411081344/tools/bin/../lib/gcc/arm-none-eabi/13.3.1/../../../../arm-none-eabi/lib/thumb/v7e-m+fp/hard\libc_nano.a(libc_a-init.o)
                0x080075ec                __libc_init_array
 .text.__retarget_lock_init_recursive
                0x08007634        0x2 C:/ST/STM32CubeIDE_1.18.1/STM32CubeIDE/plugins/com.st.stm32cube.ide.mcu.externaltools.gnu-tools-for-stm32.13.3.rel1.win32_1.0.0.202411081344/tools/bin/../lib/gcc/arm-none-eabi/13.3.1/../../../../arm-none-eabi/lib/thumb/v7e-m+fp/hard\libc_nano.a(libc_a-lock.o)
                0x08007634                __retarget_lock_init_recursive
 .text.__retarget_lock_acquire_recursive
                0x08007636        0x2 C:/ST/STM32CubeIDE_1.18.1/STM32CubeIDE/plugins/com.st.stm32cube.ide.mcu.externaltools.gnu-tools-for-stm32.13.3.rel1.win32_1.0.0.202411081344/tools/bin/../lib/gcc/arm-none-eabi/13.3.1/../../../../arm-none-eabi/lib/thumb/v7e-m+fp/hard\libc_nano.a(libc_a-lock.o)
                0x08007636                __retarget_lock_acquire_recursive
 .text.__retarget_lock_release_recursive
                0x08007638        0x2 C:/ST/STM32CubeIDE_1.18.1/STM32CubeIDE/plugins/com.st.stm32cube.ide.mcu.externaltools.gnu-tools-for-stm32.13.3.rel1.win32_1.0.0.202411081344/tools/bin/../lib/gcc/arm-none-eabi/13.3.1/../../../../arm-none-eabi/lib/thumb/v7e-m+fp/hard\libc_nano.a(libc_a-lock.o)
                0x08007638                __retarget_lock_release_recursive
 .text.strcpy   0x0800763a       0x10 C:/ST/STM32CubeIDE_1.18.1/STM32CubeIDE/plugins/com.st.stm32cube.ide.mcu.externaltools.gnu-tools-for-stm32.13.3.rel1.win32_1.0.0.202411081344/tools/bin/../lib/gcc/arm-none-eabi/13.3.1/../../../../arm-none-eabi/lib/thumb/v7e-m+fp/hard\libc_nano.a(libc_a-strcpy.o)
                0x0800763a                strcpy
 .text.memcpy   0x0800764a       0x1c C:/ST/STM32CubeIDE_1.18.1/STM32CubeIDE/plugins/com.st.stm32cube.ide.mcu.externaltools.gnu-tools-for-stm32.13.3.rel1.win32_1.0.0.202411081344/tools/bin/../lib/gcc/arm-none-eabi/13.3.1/../../../../arm-none-eabi/lib/thumb/v7e-m+fp/hard\libc_nano.a(libc_a-memcpy-stub.o)
                0x0800764a                memcpy
 .text.quorem   0x08007666      0x110 C:/ST/STM32CubeIDE_1.18.1/STM32CubeIDE/plugins/com.st.stm32cube.ide.mcu.externaltools.gnu-tools-for-stm32.13.3.rel1.win32_1.0.0.202411081344/tools/bin/../lib/gcc/arm-none-eabi/13.3.1/../../../../arm-none-eabi/lib/thumb/v7e-m+fp/hard\libc_nano.a(libc_a-dtoa.o)
 *fill*         0x08007776        0x2 
 .text._dtoa_r  0x08007778      0xba0 C:/ST/STM32CubeIDE_1.18.1/STM32CubeIDE/plugins/com.st.stm32cube.ide.mcu.externaltools.gnu-tools-for-stm32.13.3.rel1.win32_1.0.0.202411081344/tools/bin/../lib/gcc/arm-none-eabi/13.3.1/../../../../arm-none-eabi/lib/thumb/v7e-m+fp/hard\libc_nano.a(libc_a-dtoa.o)
                0x08007778                _dtoa_r
 .text._free_r  0x08008318       0x94 C:/ST/STM32CubeIDE_1.18.1/STM32CubeIDE/plugins/com.st.stm32cube.ide.mcu.externaltools.gnu-tools-for-stm32.13.3.rel1.win32_1.0.0.202411081344/tools/bin/../lib/gcc/arm-none-eabi/13.3.1/../../../../arm-none-eabi/lib/thumb/v7e-m+fp/hard\libc_nano.a(libc_a-freer.o)
                0x08008318                _free_r
 .text.malloc   0x080083ac       0x10 C:/ST/STM32CubeIDE_1.18.1/STM32CubeIDE/plugins/com.st.stm32cube.ide.mcu.externaltools.gnu-tools-for-stm32.13.3.rel1.win32_1.0.0.202411081344/tools/bin/../lib/gcc/arm-none-eabi/13.3.1/../../../../arm-none-eabi/lib/thumb/v7e-m+fp/hard\libc_nano.a(libc_a-malloc.o)
                0x080083ac                malloc
 .text.sbrk_aligned
                0x080083bc       0x44 C:/ST/STM32CubeIDE_1.18.1/STM32CubeIDE/plugins/com.st.stm32cube.ide.mcu.externaltools.gnu-tools-for-stm32.13.3.rel1.win32_1.0.0.202411081344/tools/bin/../lib/gcc/arm-none-eabi/13.3.1/../../../../arm-none-eabi/lib/thumb/v7e-m+fp/hard\libc_nano.a(libc_a-mallocr.o)
 .text._malloc_r
                0x08008400      0x100 C:/ST/STM32CubeIDE_1.18.1/STM32CubeIDE/plugins/com.st.stm32cube.ide.mcu.externaltools.gnu-tools-for-stm32.13.3.rel1.win32_1.0.0.202411081344/tools/bin/../lib/gcc/arm-none-eabi/13.3.1/../../../../arm-none-eabi/lib/thumb/v7e-m+fp/hard\libc_nano.a(libc_a-mallocr.o)
                0x08008400                _malloc_r
 .text.__malloc_lock
                0x08008500        0xc C:/ST/STM32CubeIDE_1.18.1/STM32CubeIDE/plugins/com.st.stm32cube.ide.mcu.externaltools.gnu-tools-for-stm32.13.3.rel1.win32_1.0.0.202411081344/tools/bin/../lib/gcc/arm-none-eabi/13.3.1/../../../../arm-none-eabi/lib/thumb/v7e-m+fp/hard\libc_nano.a(libc_a-mlock.o)
                0x08008500                __malloc_lock
 .text.__malloc_unlock
                0x0800850c        0xc C:/ST/STM32CubeIDE_1.18.1/STM32CubeIDE/plugins/com.st.stm32cube.ide.mcu.externaltools.gnu-tools-for-stm32.13.3.rel1.win32_1.0.0.202411081344/tools/bin/../lib/gcc/arm-none-eabi/13.3.1/../../../../arm-none-eabi/lib/thumb/v7e-m+fp/hard\libc_nano.a(libc_a-mlock.o)
                0x0800850c                __malloc_unlock
 .text._Balloc  0x08008518       0x80 C:/ST/STM32CubeIDE_1.18.1/STM32CubeIDE/plugins/com.st.stm32cube.ide.mcu.externaltools.gnu-tools-for-stm32.13.3.rel1.win32_1.0.0.202411081344/tools/bin/../lib/gcc/arm-none-eabi/13.3.1/../../../../arm-none-eabi/lib/thumb/v7e-m+fp/hard\libc_nano.a(libc_a-mprec.o)
                0x08008518                _Balloc
 .text._Bfree   0x08008598       0x44 C:/ST/STM32CubeIDE_1.18.1/STM32CubeIDE/plugins/com.st.stm32cube.ide.mcu.externaltools.gnu-tools-for-stm32.13.3.rel1.win32_1.0.0.202411081344/tools/bin/../lib/gcc/arm-none-eabi/13.3.1/../../../../arm-none-eabi/lib/thumb/v7e-m+fp/hard\libc_nano.a(libc_a-mprec.o)
                0x08008598                _Bfree
 .text.__multadd
                0x080085dc       0x8c C:/ST/STM32CubeIDE_1.18.1/STM32CubeIDE/plugins/com.st.stm32cube.ide.mcu.externaltools.gnu-tools-for-stm32.13.3.rel1.win32_1.0.0.202411081344/tools/bin/../lib/gcc/arm-none-eabi/13.3.1/../../../../arm-none-eabi/lib/thumb/v7e-m+fp/hard\libc_nano.a(libc_a-mprec.o)
                0x080085dc                __multadd
 .text.__hi0bits
                0x08008668       0x3e C:/ST/STM32CubeIDE_1.18.1/STM32CubeIDE/plugins/com.st.stm32cube.ide.mcu.externaltools.gnu-tools-for-stm32.13.3.rel1.win32_1.0.0.202411081344/tools/bin/../lib/gcc/arm-none-eabi/13.3.1/../../../../arm-none-eabi/lib/thumb/v7e-m+fp/hard\libc_nano.a(libc_a-mprec.o)
                0x08008668                __hi0bits
 .text.__lo0bits
                0x080086a6       0x5a C:/ST/STM32CubeIDE_1.18.1/STM32CubeIDE/plugins/com.st.stm32cube.ide.mcu.externaltools.gnu-tools-for-stm32.13.3.rel1.win32_1.0.0.202411081344/tools/bin/../lib/gcc/arm-none-eabi/13.3.1/../../../../arm-none-eabi/lib/thumb/v7e-m+fp/hard\libc_nano.a(libc_a-mprec.o)
                0x080086a6                __lo0bits
 .text.__i2b    0x08008700       0x2c C:/ST/STM32CubeIDE_1.18.1/STM32CubeIDE/plugins/com.st.stm32cube.ide.mcu.externaltools.gnu-tools-for-stm32.13.3.rel1.win32_1.0.0.202411081344/tools/bin/../lib/gcc/arm-none-eabi/13.3.1/../../../../arm-none-eabi/lib/thumb/v7e-m+fp/hard\libc_nano.a(libc_a-mprec.o)
                0x08008700                __i2b
 .text.__multiply
                0x0800872c      0x144 C:/ST/STM32CubeIDE_1.18.1/STM32CubeIDE/plugins/com.st.stm32cube.ide.mcu.externaltools.gnu-tools-for-stm32.13.3.rel1.win32_1.0.0.202411081344/tools/bin/../lib/gcc/arm-none-eabi/13.3.1/../../../../arm-none-eabi/lib/thumb/v7e-m+fp/hard\libc_nano.a(libc_a-mprec.o)
                0x0800872c                __multiply
 .text.__pow5mult
                0x08008870       0xb4 C:/ST/STM32CubeIDE_1.18.1/STM32CubeIDE/plugins/com.st.stm32cube.ide.mcu.externaltools.gnu-tools-for-stm32.13.3.rel1.win32_1.0.0.202411081344/tools/bin/../lib/gcc/arm-none-eabi/13.3.1/../../../../arm-none-eabi/lib/thumb/v7e-m+fp/hard\libc_nano.a(libc_a-mprec.o)
                0x08008870                __pow5mult
 .text.__lshift
                0x08008924       0xd8 C:/ST/STM32CubeIDE_1.18.1/STM32CubeIDE/plugins/com.st.stm32cube.ide.mcu.externaltools.gnu-tools-for-stm32.13.3.rel1.win32_1.0.0.202411081344/tools/bin/../lib/gcc/arm-none-eabi/13.3.1/../../../../arm-none-eabi/lib/thumb/v7e-m+fp/hard\libc_nano.a(libc_a-mprec.o)
                0x08008924                __lshift
 .text.__mcmp   0x080089fc       0x36 C:/ST/STM32CubeIDE_1.18.1/STM32CubeIDE/plugins/com.st.stm32cube.ide.mcu.externaltools.gnu-tools-for-stm32.13.3.rel1.win32_1.0.0.202411081344/tools/bin/../lib/gcc/arm-none-eabi/13.3.1/../../../../arm-none-eabi/lib/thumb/v7e-m+fp/hard\libc_nano.a(libc_a-mprec.o)
                0x080089fc                __mcmp
 *fill*         0x08008a32        0x2 
 .text.__mdiff  0x08008a34      0x128 C:/ST/STM32CubeIDE_1.18.1/STM32CubeIDE/plugins/com.st.stm32cube.ide.mcu.externaltools.gnu-tools-for-stm32.13.3.rel1.win32_1.0.0.202411081344/tools/bin/../lib/gcc/arm-none-eabi/13.3.1/../../../../arm-none-eabi/lib/thumb/v7e-m+fp/hard\libc_nano.a(libc_a-mprec.o)
                0x08008a34                __mdiff
 .text.__d2b    0x08008b5c       0xb0 C:/ST/STM32CubeIDE_1.18.1/STM32CubeIDE/plugins/com.st.stm32cube.ide.mcu.externaltools.gnu-tools-for-stm32.13.3.rel1.win32_1.0.0.202411081344/tools/bin/../lib/gcc/arm-none-eabi/13.3.1/../../../../arm-none-eabi/lib/thumb/v7e-m+fp/hard\libc_nano.a(libc_a-mprec.o)
                0x08008b5c                __d2b
 .text.__ssputs_r
                0x08008c0c       0xb6 C:/ST/STM32CubeIDE_1.18.1/STM32CubeIDE/plugins/com.st.stm32cube.ide.mcu.externaltools.gnu-tools-for-stm32.13.3.rel1.win32_1.0.0.202411081344/tools/bin/../lib/gcc/arm-none-eabi/13.3.1/../../../../arm-none-eabi/lib/thumb/v7e-m+fp/hard\libc_nano.a(libc_a-nano-svfprintf.o)
                0x08008c0c                __ssputs_r
 *fill*         0x08008cc2        0x2 
 .text._svfprintf_r
                0x08008cc4      0x1f8 C:/ST/STM32CubeIDE_1.18.1/STM32CubeIDE/plugins/com.st.stm32cube.ide.mcu.externaltools.gnu-tools-for-stm32.13.3.rel1.win32_1.0.0.202411081344/tools/bin/../lib/gcc/arm-none-eabi/13.3.1/../../../../arm-none-eabi/lib/thumb/v7e-m+fp/hard\libc_nano.a(libc_a-nano-svfprintf.o)
                0x08008cc4                _svfiprintf_r
                0x08008cc4                _svfprintf_r
 .text.__sfputc_r
                0x08008ebc       0x2e C:/ST/STM32CubeIDE_1.18.1/STM32CubeIDE/plugins/com.st.stm32cube.ide.mcu.externaltools.gnu-tools-for-stm32.13.3.rel1.win32_1.0.0.202411081344/tools/bin/../lib/gcc/arm-none-eabi/13.3.1/../../../../arm-none-eabi/lib/thumb/v7e-m+fp/hard\libc_nano.a(libc_a-nano-vfprintf.o)
 .text.__sfputs_r
                0x08008eea       0x24 C:/ST/STM32CubeIDE_1.18.1/STM32CubeIDE/plugins/com.st.stm32cube.ide.mcu.externaltools.gnu-tools-for-stm32.13.3.rel1.win32_1.0.0.202411081344/tools/bin/../lib/gcc/arm-none-eabi/13.3.1/../../../../arm-none-eabi/lib/thumb/v7e-m+fp/hard\libc_nano.a(libc_a-nano-vfprintf.o)
                0x08008eea                __sfputs_r
 *fill*         0x08008f0e        0x2 
 .text._vfprintf_r
                0x08008f10      0x230 C:/ST/STM32CubeIDE_1.18.1/STM32CubeIDE/plugins/com.st.stm32cube.ide.mcu.externaltools.gnu-tools-for-stm32.13.3.rel1.win32_1.0.0.202411081344/tools/bin/../lib/gcc/arm-none-eabi/13.3.1/../../../../arm-none-eabi/lib/thumb/v7e-m+fp/hard\libc_nano.a(libc_a-nano-vfprintf.o)
                0x08008f10                _vfprintf_r
                0x08008f10                _vfiprintf_r
 .text.__sflush_r
                0x08009140      0x108 C:/ST/STM32CubeIDE_1.18.1/STM32CubeIDE/plugins/com.st.stm32cube.ide.mcu.externaltools.gnu-tools-for-stm32.13.3.rel1.win32_1.0.0.202411081344/tools/bin/../lib/gcc/arm-none-eabi/13.3.1/../../../../arm-none-eabi/lib/thumb/v7e-m+fp/hard\libc_nano.a(libc_a-fflush.o)
                0x08009140                __sflush_r
 .text._fflush_r
                0x08009248       0x50 C:/ST/STM32CubeIDE_1.18.1/STM32CubeIDE/plugins/com.st.stm32cube.ide.mcu.externaltools.gnu-tools-for-stm32.13.3.rel1.win32_1.0.0.202411081344/tools/bin/../lib/gcc/arm-none-eabi/13.3.1/../../../../arm-none-eabi/lib/thumb/v7e-m+fp/hard\libc_nano.a(libc_a-fflush.o)
                0x08009248                _fflush_r
 .text.__swhatbuf_r
                0x08009298       0x4c C:/ST/STM32CubeIDE_1.18.1/STM32CubeIDE/plugins/com.st.stm32cube.ide.mcu.externaltools.gnu-tools-for-stm32.13.3.rel1.win32_1.0.0.202411081344/tools/bin/../lib/gcc/arm-none-eabi/13.3.1/../../../../arm-none-eabi/lib/thumb/v7e-m+fp/hard\libc_nano.a(libc_a-makebuf.o)
                0x08009298                __swhatbuf_r
 .text.__smakebuf_r
                0x080092e4       0x78 C:/ST/STM32CubeIDE_1.18.1/STM32CubeIDE/plugins/com.st.stm32cube.ide.mcu.externaltools.gnu-tools-for-stm32.13.3.rel1.win32_1.0.0.202411081344/tools/bin/../lib/gcc/arm-none-eabi/13.3.1/../../../../arm-none-eabi/lib/thumb/v7e-m+fp/hard\libc_nano.a(libc_a-makebuf.o)
                0x080092e4                __smakebuf_r
 .text._putc_r  0x0800935c       0x68 C:/ST/STM32CubeIDE_1.18.1/STM32CubeIDE/plugins/com.st.stm32cube.ide.mcu.externaltools.gnu-tools-for-stm32.13.3.rel1.win32_1.0.0.202411081344/tools/bin/../lib/gcc/arm-none-eabi/13.3.1/../../../../arm-none-eabi/lib/thumb/v7e-m+fp/hard\libc_nano.a(libc_a-putc.o)
                0x0800935c                _putc_r
 .text.memmove  0x080093c4       0x34 C:/ST/STM32CubeIDE_1.18.1/STM32CubeIDE/plugins/com.st.stm32cube.ide.mcu.externaltools.gnu-tools-for-stm32.13.3.rel1.win32_1.0.0.202411081344/tools/bin/../lib/gcc/arm-none-eabi/13.3.1/../../../../arm-none-eabi/lib/thumb/v7e-m+fp/hard\libc_nano.a(libc_a-memmove.o)
                0x080093c4                memmove
 .text._fstat_r
                0x080093f8       0x24 C:/ST/STM32CubeIDE_1.18.1/STM32CubeIDE/plugins/com.st.stm32cube.ide.mcu.externaltools.gnu-tools-for-stm32.13.3.rel1.win32_1.0.0.202411081344/tools/bin/../lib/gcc/arm-none-eabi/13.3.1/../../../../arm-none-eabi/lib/thumb/v7e-m+fp/hard\libc_nano.a(libc_a-fstatr.o)
                0x080093f8                _fstat_r
 .text._isatty_r
                0x0800941c       0x20 C:/ST/STM32CubeIDE_1.18.1/STM32CubeIDE/plugins/com.st.stm32cube.ide.mcu.externaltools.gnu-tools-for-stm32.13.3.rel1.win32_1.0.0.202411081344/tools/bin/../lib/gcc/arm-none-eabi/13.3.1/../../../../arm-none-eabi/lib/thumb/v7e-m+fp/hard\libc_nano.a(libc_a-isattyr.o)
                0x0800941c                _isatty_r
 .text._sbrk_r  0x0800943c       0x20 C:/ST/STM32CubeIDE_1.18.1/STM32CubeIDE/plugins/com.st.stm32cube.ide.mcu.externaltools.gnu-tools-for-stm32.13.3.rel1.win32_1.0.0.202411081344/tools/bin/../lib/gcc/arm-none-eabi/13.3.1/../../../../arm-none-eabi/lib/thumb/v7e-m+fp/hard\libc_nano.a(libc_a-sbrkr.o)
                0x0800943c                _sbrk_r
 .text.__assert_func
                0x0800945c       0x3c C:/ST/STM32CubeIDE_1.18.1/STM32CubeIDE/plugins/com.st.stm32cube.ide.mcu.externaltools.gnu-tools-for-stm32.13.3.rel1.win32_1.0.0.202411081344/tools/bin/../lib/gcc/arm-none-eabi/13.3.1/../../../../arm-none-eabi/lib/thumb/v7e-m+fp/hard\libc_nano.a(libc_a-assert.o)
                0x0800945c                __assert_func
 .text._calloc_r
                0x08009498       0x28 C:/ST/STM32CubeIDE_1.18.1/STM32CubeIDE/plugins/com.st.stm32cube.ide.mcu.externaltools.gnu-tools-for-stm32.13.3.rel1.win32_1.0.0.202411081344/tools/bin/../lib/gcc/arm-none-eabi/13.3.1/../../../../arm-none-eabi/lib/thumb/v7e-m+fp/hard\libc_nano.a(libc_a-callocr.o)
                0x08009498                _calloc_r
 .text.__ascii_mbtowc
                0x080094c0       0x24 C:/ST/STM32CubeIDE_1.18.1/STM32CubeIDE/plugins/com.st.stm32cube.ide.mcu.externaltools.gnu-tools-for-stm32.13.3.rel1.win32_1.0.0.202411081344/tools/bin/../lib/gcc/arm-none-eabi/13.3.1/../../../../arm-none-eabi/lib/thumb/v7e-m+fp/hard\libc_nano.a(libc_a-mbtowc_r.o)
                0x080094c0                __ascii_mbtowc
 .text._realloc_r
                0x080094e4       0x5c C:/ST/STM32CubeIDE_1.18.1/STM32CubeIDE/plugins/com.st.stm32cube.ide.mcu.externaltools.gnu-tools-for-stm32.13.3.rel1.win32_1.0.0.202411081344/tools/bin/../lib/gcc/arm-none-eabi/13.3.1/../../../../arm-none-eabi/lib/thumb/v7e-m+fp/hard\libc_nano.a(libc_a-reallocr.o)
                0x080094e4                _realloc_r
 .text.__ascii_wctomb
                0x08009540       0x1a C:/ST/STM32CubeIDE_1.18.1/STM32CubeIDE/plugins/com.st.stm32cube.ide.mcu.externaltools.gnu-tools-for-stm32.13.3.rel1.win32_1.0.0.202411081344/tools/bin/../lib/gcc/arm-none-eabi/13.3.1/../../../../arm-none-eabi/lib/thumb/v7e-m+fp/hard\libc_nano.a(libc_a-wctomb_r.o)
                0x08009540                __ascii_wctomb
 *fill*         0x0800955a        0x2 
 .text.fprintf  0x0800955c       0x24 C:/ST/STM32CubeIDE_1.18.1/STM32CubeIDE/plugins/com.st.stm32cube.ide.mcu.externaltools.gnu-tools-for-stm32.13.3.rel1.win32_1.0.0.202411081344/tools/bin/../lib/gcc/arm-none-eabi/13.3.1/../../../../arm-none-eabi/lib/thumb/v7e-m+fp/hard\libc_nano.a(libc_a-fprintf.o)
                0x0800955c                fiprintf
                0x0800955c                fprintf
 .text.abort    0x08009580        0xe C:/ST/STM32CubeIDE_1.18.1/STM32CubeIDE/plugins/com.st.stm32cube.ide.mcu.externaltools.gnu-tools-for-stm32.13.3.rel1.win32_1.0.0.202411081344/tools/bin/../lib/gcc/arm-none-eabi/13.3.1/../../../../arm-none-eabi/lib/thumb/v7e-m+fp/hard\libc_nano.a(libc_a-abort.o)
                0x08009580                abort
 .text._malloc_usable_size_r
                0x0800958e       0x10 C:/ST/STM32CubeIDE_1.18.1/STM32CubeIDE/plugins/com.st.stm32cube.ide.mcu.externaltools.gnu-tools-for-stm32.13.3.rel1.win32_1.0.0.202411081344/tools/bin/../lib/gcc/arm-none-eabi/13.3.1/../../../../arm-none-eabi/lib/thumb/v7e-m+fp/hard\libc_nano.a(libc_a-msizer.o)
                0x0800958e                _malloc_usable_size_r
 .text._raise_r
                0x0800959e       0x50 C:/ST/STM32CubeIDE_1.18.1/STM32CubeIDE/plugins/com.st.stm32cube.ide.mcu.externaltools.gnu-tools-for-stm32.13.3.rel1.win32_1.0.0.202411081344/tools/bin/../lib/gcc/arm-none-eabi/13.3.1/../../../../arm-none-eabi/lib/thumb/v7e-m+fp/hard\libc_nano.a(libc_a-signal.o)
                0x0800959e                _raise_r
 *fill*         0x080095ee        0x2 
 .text.raise    0x080095f0       0x10 C:/ST/STM32CubeIDE_1.18.1/STM32CubeIDE/plugins/com.st.stm32cube.ide.mcu.externaltools.gnu-tools-for-stm32.13.3.rel1.win32_1.0.0.202411081344/tools/bin/../lib/gcc/arm-none-eabi/13.3.1/../../../../arm-none-eabi/lib/thumb/v7e-m+fp/hard\libc_nano.a(libc_a-signal.o)
                0x080095f0                raise
 .text._kill_r  0x08009600       0x24 C:/ST/STM32CubeIDE_1.18.1/STM32CubeIDE/plugins/com.st.stm32cube.ide.mcu.externaltools.gnu-tools-for-stm32.13.3.rel1.win32_1.0.0.202411081344/tools/bin/../lib/gcc/arm-none-eabi/13.3.1/../../../../arm-none-eabi/lib/thumb/v7e-m+fp/hard\libc_nano.a(libc_a-signalr.o)
                0x08009600                _kill_r
 .text._getpid_r
                0x08009624        0x4 C:/ST/STM32CubeIDE_1.18.1/STM32CubeIDE/plugins/com.st.stm32cube.ide.mcu.externaltools.gnu-tools-for-stm32.13.3.rel1.win32_1.0.0.202411081344/tools/bin/../lib/gcc/arm-none-eabi/13.3.1/../../../../arm-none-eabi/lib/thumb/v7e-m+fp/hard\libc_nano.a(libc_a-signalr.o)
                0x08009624                _getpid_r
 .text.powf     0x08009628       0xae C:/ST/STM32CubeIDE_1.18.1/STM32CubeIDE/plugins/com.st.stm32cube.ide.mcu.externaltools.gnu-tools-for-stm32.13.3.rel1.win32_1.0.0.202411081344/tools/bin/../lib/gcc/arm-none-eabi/13.3.1/../../../../arm-none-eabi/lib/thumb/v7e-m+fp/hard\libm.a(libm_a-wf_pow.o)
                0x08009628                powf
 .text.finitef  0x080096d6       0x14 C:/ST/STM32CubeIDE_1.18.1/STM32CubeIDE/plugins/com.st.stm32cube.ide.mcu.externaltools.gnu-tools-for-stm32.13.3.rel1.win32_1.0.0.202411081344/tools/bin/../lib/gcc/arm-none-eabi/13.3.1/../../../../arm-none-eabi/lib/thumb/v7e-m+fp/hard\libm.a(libm_a-sf_finite.o)
                0x080096d6                finitef
 *fill*         0x080096ea        0x2 
 .text.__ieee754_powf
                0x080096ec      0x59c C:/ST/STM32CubeIDE_1.18.1/STM32CubeIDE/plugins/com.st.stm32cube.ide.mcu.externaltools.gnu-tools-for-stm32.13.3.rel1.win32_1.0.0.202411081344/tools/bin/../lib/gcc/arm-none-eabi/13.3.1/../../../../arm-none-eabi/lib/thumb/v7e-m+fp/hard\libm.a(libm_a-ef_pow.o)
                0x080096ec                __ieee754_powf
 .text.fabsf    0x08009c88        0xe C:/ST/STM32CubeIDE_1.18.1/STM32CubeIDE/plugins/com.st.stm32cube.ide.mcu.externaltools.gnu-tools-for-stm32.13.3.rel1.win32_1.0.0.202411081344/tools/bin/../lib/gcc/arm-none-eabi/13.3.1/../../../../arm-none-eabi/lib/thumb/v7e-m+fp/hard\libm.a(libm_a-sf_fabs.o)
                0x08009c88                fabsf
 *fill*         0x08009c96        0x2 
 .text.scalbnf  0x08009c98       0xcc C:/ST/STM32CubeIDE_1.18.1/STM32CubeIDE/plugins/com.st.stm32cube.ide.mcu.externaltools.gnu-tools-for-stm32.13.3.rel1.win32_1.0.0.202411081344/tools/bin/../lib/gcc/arm-none-eabi/13.3.1/../../../../arm-none-eabi/lib/thumb/v7e-m+fp/hard\libm.a(libm_a-sf_scalbn.o)
                0x08009c98                scalbnf
 .text.with_errnof
                0x08009d64       0x1c C:/ST/STM32CubeIDE_1.18.1/STM32CubeIDE/plugins/com.st.stm32cube.ide.mcu.externaltools.gnu-tools-for-stm32.13.3.rel1.win32_1.0.0.202411081344/tools/bin/../lib/gcc/arm-none-eabi/13.3.1/../../../../arm-none-eabi/lib/thumb/v7e-m+fp/hard\libm.a(libm_a-math_errf.o)
 .text.xflowf   0x08009d80       0x16 C:/ST/STM32CubeIDE_1.18.1/STM32CubeIDE/plugins/com.st.stm32cube.ide.mcu.externaltools.gnu-tools-for-stm32.13.3.rel1.win32_1.0.0.202411081344/tools/bin/../lib/gcc/arm-none-eabi/13.3.1/../../../../arm-none-eabi/lib/thumb/v7e-m+fp/hard\libm.a(libm_a-math_errf.o)
 *fill*         0x08009d96        0x2 
 .text.__math_uflowf
                0x08009d98        0xc C:/ST/STM32CubeIDE_1.18.1/STM32CubeIDE/plugins/com.st.stm32cube.ide.mcu.externaltools.gnu-tools-for-stm32.13.3.rel1.win32_1.0.0.202411081344/tools/bin/../lib/gcc/arm-none-eabi/13.3.1/../../../../arm-none-eabi/lib/thumb/v7e-m+fp/hard\libm.a(libm_a-math_errf.o)
                0x08009d98                __math_uflowf
 .text.__math_oflowf
                0x08009da4        0xc C:/ST/STM32CubeIDE_1.18.1/STM32CubeIDE/plugins/com.st.stm32cube.ide.mcu.externaltools.gnu-tools-for-stm32.13.3.rel1.win32_1.0.0.202411081344/tools/bin/../lib/gcc/arm-none-eabi/13.3.1/../../../../arm-none-eabi/lib/thumb/v7e-m+fp/hard\libm.a(libm_a-math_errf.o)
                0x08009da4                __math_oflowf
 .text.__ieee754_sqrtf
                0x08009db0        0x6 C:/ST/STM32CubeIDE_1.18.1/STM32CubeIDE/plugins/com.st.stm32cube.ide.mcu.externaltools.gnu-tools-for-stm32.13.3.rel1.win32_1.0.0.202411081344/tools/bin/../lib/gcc/arm-none-eabi/13.3.1/../../../../arm-none-eabi/lib/thumb/v7e-m+fp/hard\libm.a(libm_a-ef_sqrt.o)
                0x08009db0                __ieee754_sqrtf
 *(.glue_7)
 .glue_7        0x08009db6        0x0 linker stubs
 *(.glue_7t)
 .glue_7t       0x08009db6        0x0 linker stubs
 *(.eh_frame)
 *fill*         0x08009db6        0x2 
 .eh_frame      0x08009db8        0x0 C:/ST/STM32CubeIDE_1.18.1/STM32CubeIDE/plugins/com.st.stm32cube.ide.mcu.externaltools.gnu-tools-for-stm32.13.3.rel1.win32_1.0.0.202411081344/tools/bin/../lib/gcc/arm-none-eabi/13.3.1/thumb/v7e-m+fp/hard/crtbegin.o
 *(.init)
 .init          0x08009db8        0x4 C:/ST/STM32CubeIDE_1.18.1/STM32CubeIDE/plugins/com.st.stm32cube.ide.mcu.externaltools.gnu-tools-for-stm32.13.3.rel1.win32_1.0.0.202411081344/tools/bin/../lib/gcc/arm-none-eabi/13.3.1/thumb/v7e-m+fp/hard/crti.o
                0x08009db8                _init
 .init          0x08009dbc        0x8 C:/ST/STM32CubeIDE_1.18.1/STM32CubeIDE/plugins/com.st.stm32cube.ide.mcu.externaltools.gnu-tools-for-stm32.13.3.rel1.win32_1.0.0.202411081344/tools/bin/../lib/gcc/arm-none-eabi/13.3.1/thumb/v7e-m+fp/hard/crtn.o
 *(.fini)
 .fini          0x08009dc4        0x4 C:/ST/STM32CubeIDE_1.18.1/STM32CubeIDE/plugins/com.st.stm32cube.ide.mcu.externaltools.gnu-tools-for-stm32.13.3.rel1.win32_1.0.0.202411081344/tools/bin/../lib/gcc/arm-none-eabi/13.3.1/thumb/v7e-m+fp/hard/crti.o
                0x08009dc4                _fini
 .fini          0x08009dc8        0x8 C:/ST/STM32CubeIDE_1.18.1/STM32CubeIDE/plugins/com.st.stm32cube.ide.mcu.externaltools.gnu-tools-for-stm32.13.3.rel1.win32_1.0.0.202411081344/tools/bin/../lib/gcc/arm-none-eabi/13.3.1/thumb/v7e-m+fp/hard/crtn.o
                0x08009dd0                        . = ALIGN (0x4)
                0x08009dd0                        _etext = .

.vfp11_veneer   0x08009dd0        0x0
 .vfp11_veneer  0x08009dd0        0x0 linker stubs

.v4_bx          0x08009dd0        0x0
 .v4_bx         0x08009dd0        0x0 linker stubs

.iplt           0x08009dd0        0x0
 .iplt          0x08009dd0        0x0 C:/ST/STM32CubeIDE_1.18.1/STM32CubeIDE/plugins/com.st.stm32cube.ide.mcu.externaltools.gnu-tools-for-stm32.13.3.rel1.win32_1.0.0.202411081344/tools/bin/../lib/gcc/arm-none-eabi/13.3.1/thumb/v7e-m+fp/hard/crtbegin.o

.rodata         0x08009dd0     0x2134
                0x08009dd0                        . = ALIGN (0x4)
 *(.rodata)
 .rodata        0x08009dd0       0x3a ./Core/Src/drivers/device/bmp280.o
 *fill*         0x08009e0a        0x2 
 .rodata        0x08009e0c      0x86a ./Core/Src/drivers/device/esp01.o
 *fill*         0x0800a676        0x2 
 .rodata        0x0800a678      0x211 ./Core/Src/drivers/device/mq6.o
 *fill*         0x0800a889        0x3 
 .rodata        0x0800a88c      0x304 ./Core/Src/drivers/device/mqtt.o
 .rodata        0x0800ab90      0xfe4 ./Core/Src/main.o
 *(.rodata*)
 .rodata._printf_float.str1.1
                0x0800bb74      0x171 C:/ST/STM32CubeIDE_1.18.1/STM32CubeIDE/plugins/com.st.stm32cube.ide.mcu.externaltools.gnu-tools-for-stm32.13.3.rel1.win32_1.0.0.202411081344/tools/bin/../lib/gcc/arm-none-eabi/13.3.1/../../../../arm-none-eabi/lib/thumb/v7e-m+fp/hard\libc_nano.a(libc_a-nano-vfprintf_float.o)
                                 0x12 (size before relaxing)
 .rodata._printf_i.str1.1
                0x0800bce5       0x22 C:/ST/STM32CubeIDE_1.18.1/STM32CubeIDE/plugins/com.st.stm32cube.ide.mcu.externaltools.gnu-tools-for-stm32.13.3.rel1.win32_1.0.0.202411081344/tools/bin/../lib/gcc/arm-none-eabi/13.3.1/../../../../arm-none-eabi/lib/thumb/v7e-m+fp/hard\libc_nano.a(libc_a-nano-vfprintf_i.o)
 .rodata._dtoa_r.str1.1
                0x0800bce5       0x8f C:/ST/STM32CubeIDE_1.18.1/STM32CubeIDE/plugins/com.st.stm32cube.ide.mcu.externaltools.gnu-tools-for-stm32.13.3.rel1.win32_1.0.0.202411081344/tools/bin/../lib/gcc/arm-none-eabi/13.3.1/../../../../arm-none-eabi/lib/thumb/v7e-m+fp/hard\libc_nano.a(libc_a-dtoa.o)
 .rodata._Balloc.str1.1
                0x0800bce5       0x70 C:/ST/STM32CubeIDE_1.18.1/STM32CubeIDE/plugins/com.st.stm32cube.ide.mcu.externaltools.gnu-tools-for-stm32.13.3.rel1.win32_1.0.0.202411081344/tools/bin/../lib/gcc/arm-none-eabi/13.3.1/../../../../arm-none-eabi/lib/thumb/v7e-m+fp/hard\libc_nano.a(libc_a-mprec.o)
 .rodata.__multadd.str1.1
                0x0800bce5       0x11 C:/ST/STM32CubeIDE_1.18.1/STM32CubeIDE/plugins/com.st.stm32cube.ide.mcu.externaltools.gnu-tools-for-stm32.13.3.rel1.win32_1.0.0.202411081344/tools/bin/../lib/gcc/arm-none-eabi/13.3.1/../../../../arm-none-eabi/lib/thumb/v7e-m+fp/hard\libc_nano.a(libc_a-mprec.o)
 *fill*         0x0800bce5        0x3 
 .rodata.p05.0  0x0800bce8        0xc C:/ST/STM32CubeIDE_1.18.1/STM32CubeIDE/plugins/com.st.stm32cube.ide.mcu.externaltools.gnu-tools-for-stm32.13.3.rel1.win32_1.0.0.202411081344/tools/bin/../lib/gcc/arm-none-eabi/13.3.1/../../../../arm-none-eabi/lib/thumb/v7e-m+fp/hard\libc_nano.a(libc_a-mprec.o)
 *fill*         0x0800bcf4        0x4 
 .rodata.__mprec_bigtens
                0x0800bcf8       0x28 C:/ST/STM32CubeIDE_1.18.1/STM32CubeIDE/plugins/com.st.stm32cube.ide.mcu.externaltools.gnu-tools-for-stm32.13.3.rel1.win32_1.0.0.202411081344/tools/bin/../lib/gcc/arm-none-eabi/13.3.1/../../../../arm-none-eabi/lib/thumb/v7e-m+fp/hard\libc_nano.a(libc_a-mprec.o)
                0x0800bcf8                __mprec_bigtens
 .rodata.__mprec_tens
                0x0800bd20       0xc8 C:/ST/STM32CubeIDE_1.18.1/STM32CubeIDE/plugins/com.st.stm32cube.ide.mcu.externaltools.gnu-tools-for-stm32.13.3.rel1.win32_1.0.0.202411081344/tools/bin/../lib/gcc/arm-none-eabi/13.3.1/../../../../arm-none-eabi/lib/thumb/v7e-m+fp/hard\libc_nano.a(libc_a-mprec.o)
                0x0800bd20                __mprec_tens
 .rodata._svfprintf_r.str1.1
                0x0800bde8       0x11 C:/ST/STM32CubeIDE_1.18.1/STM32CubeIDE/plugins/com.st.stm32cube.ide.mcu.externaltools.gnu-tools-for-stm32.13.3.rel1.win32_1.0.0.202411081344/tools/bin/../lib/gcc/arm-none-eabi/13.3.1/../../../../arm-none-eabi/lib/thumb/v7e-m+fp/hard\libc_nano.a(libc_a-nano-svfprintf.o)
 .rodata._vfprintf_r.str1.1
                0x0800bde8       0x11 C:/ST/STM32CubeIDE_1.18.1/STM32CubeIDE/plugins/com.st.stm32cube.ide.mcu.externaltools.gnu-tools-for-stm32.13.3.rel1.win32_1.0.0.202411081344/tools/bin/../lib/gcc/arm-none-eabi/13.3.1/../../../../arm-none-eabi/lib/thumb/v7e-m+fp/hard\libc_nano.a(libc_a-nano-vfprintf.o)
 .rodata._setlocale_r.str1.1
                0x0800bde8        0x9 C:/ST/STM32CubeIDE_1.18.1/STM32CubeIDE/plugins/com.st.stm32cube.ide.mcu.externaltools.gnu-tools-for-stm32.13.3.rel1.win32_1.0.0.202411081344/tools/bin/../lib/gcc/arm-none-eabi/13.3.1/../../../../arm-none-eabi/lib/thumb/v7e-m+fp/hard\libc_nano.a(libc_a-locale.o)
 .rodata.str1.1
                0x0800bde8        0x2 C:/ST/STM32CubeIDE_1.18.1/STM32CubeIDE/plugins/com.st.stm32cube.ide.mcu.externaltools.gnu-tools-for-stm32.13.3.rel1.win32_1.0.0.202411081344/tools/bin/../lib/gcc/arm-none-eabi/13.3.1/../../../../arm-none-eabi/lib/thumb/v7e-m+fp/hard\libc_nano.a(libc_a-locale.o)
 .rodata.__assert_func.str1.1
                0x0800bde8       0x3d C:/ST/STM32CubeIDE_1.18.1/STM32CubeIDE/plugins/com.st.stm32cube.ide.mcu.externaltools.gnu-tools-for-stm32.13.3.rel1.win32_1.0.0.202411081344/tools/bin/../lib/gcc/arm-none-eabi/13.3.1/../../../../arm-none-eabi/lib/thumb/v7e-m+fp/hard\libc_nano.a(libc_a-assert.o)
 .rodata._ctype_
                0x0800bde8      0x101 C:/ST/STM32CubeIDE_1.18.1/STM32CubeIDE/plugins/com.st.stm32cube.ide.mcu.externaltools.gnu-tools-for-stm32.13.3.rel1.win32_1.0.0.202411081344/tools/bin/../lib/gcc/arm-none-eabi/13.3.1/../../../../arm-none-eabi/lib/thumb/v7e-m+fp/hard\libc_nano.a(libc_a-ctype_.o)
                0x0800bde8                _ctype_
 *fill*         0x0800bee9        0x3 
 .rodata.dp_l   0x0800beec        0x8 C:/ST/STM32CubeIDE_1.18.1/STM32CubeIDE/plugins/com.st.stm32cube.ide.mcu.externaltools.gnu-tools-for-stm32.13.3.rel1.win32_1.0.0.202411081344/tools/bin/../lib/gcc/arm-none-eabi/13.3.1/../../../../arm-none-eabi/lib/thumb/v7e-m+fp/hard\libm.a(libm_a-ef_pow.o)
 .rodata.dp_h   0x0800bef4        0x8 C:/ST/STM32CubeIDE_1.18.1/STM32CubeIDE/plugins/com.st.stm32cube.ide.mcu.externaltools.gnu-tools-for-stm32.13.3.rel1.win32_1.0.0.202411081344/tools/bin/../lib/gcc/arm-none-eabi/13.3.1/../../../../arm-none-eabi/lib/thumb/v7e-m+fp/hard\libm.a(libm_a-ef_pow.o)
 .rodata.bp     0x0800befc        0x8 C:/ST/STM32CubeIDE_1.18.1/STM32CubeIDE/plugins/com.st.stm32cube.ide.mcu.externaltools.gnu-tools-for-stm32.13.3.rel1.win32_1.0.0.202411081344/tools/bin/../lib/gcc/arm-none-eabi/13.3.1/../../../../arm-none-eabi/lib/thumb/v7e-m+fp/hard\libm.a(libm_a-ef_pow.o)
                0x0800bf04                        . = ALIGN (0x4)

.ARM.extab      0x0800bf04        0x0
                0x0800bf04                        . = ALIGN (0x4)
 *(.ARM.extab* .gnu.linkonce.armextab.*)
                0x0800bf04                        . = ALIGN (0x4)

.ARM            0x0800bf04        0x8
                0x0800bf04                        . = ALIGN (0x4)
                0x0800bf04                        __exidx_start = .
 *(.ARM.exidx*)
 .ARM.exidx     0x0800bf04        0x8 C:/ST/STM32CubeIDE_1.18.1/STM32CubeIDE/plugins/com.st.stm32cube.ide.mcu.externaltools.gnu-tools-for-stm32.13.3.rel1.win32_1.0.0.202411081344/tools/bin/../lib/gcc/arm-none-eabi/13.3.1/../../../../arm-none-eabi/lib/thumb/v7e-m+fp/hard\libc_nano.a(libc_a-strcmp.o)
 .ARM.exidx     0x0800bf0c        0x0 C:/ST/STM32CubeIDE_1.18.1/STM32CubeIDE/plugins/com.st.stm32cube.ide.mcu.externaltools.gnu-tools-for-stm32.13.3.rel1.win32_1.0.0.202411081344/tools/bin/../lib/gcc/arm-none-eabi/13.3.1/../../../../arm-none-eabi/lib/thumb/v7e-m+fp/hard\libc_nano.a(libc_a-memchr.o)
                                  0x8 (size before relaxing)
 .ARM.exidx     0x0800bf0c        0x0 C:/ST/STM32CubeIDE_1.18.1/STM32CubeIDE/plugins/com.st.stm32cube.ide.mcu.externaltools.gnu-tools-for-stm32.13.3.rel1.win32_1.0.0.202411081344/tools/bin/../lib/gcc/arm-none-eabi/13.3.1/../../../../arm-none-eabi/lib/thumb/v7e-m+fp/hard\libc_nano.a(libc_a-strlen.o)
                                  0x8 (size before relaxing)
 .ARM.exidx     0x0800bf0c        0x0 C:/ST/STM32CubeIDE_1.18.1/STM32CubeIDE/plugins/com.st.stm32cube.ide.mcu.externaltools.gnu-tools-for-stm32.13.3.rel1.win32_1.0.0.202411081344/tools/bin/../lib/gcc/arm-none-eabi/13.3.1/thumb/v7e-m+fp/hard\libgcc.a(_udivmoddi4.o)
                                  0x8 (size before relaxing)
                0x0800bf0c                        __exidx_end = .
                0x0800bf0c                        . = ALIGN (0x4)

.preinit_array  0x0800bf0c        0x0
                0x0800bf0c                        . = ALIGN (0x4)
                0x0800bf0c                        PROVIDE (__preinit_array_start = .)
 *(.preinit_array*)
                0x0800bf0c                        PROVIDE (__preinit_array_end = .)
                0x0800bf0c                        . = ALIGN (0x4)

.init_array     0x0800bf0c        0x4
                0x0800bf0c                        . = ALIGN (0x4)
                0x0800bf0c                        PROVIDE (__init_array_start = .)
 *(SORT_BY_NAME(.init_array.*))
 *(.init_array*)
 .init_array    0x0800bf0c        0x4 C:/ST/STM32CubeIDE_1.18.1/STM32CubeIDE/plugins/com.st.stm32cube.ide.mcu.externaltools.gnu-tools-for-stm32.13.3.rel1.win32_1.0.0.202411081344/tools/bin/../lib/gcc/arm-none-eabi/13.3.1/thumb/v7e-m+fp/hard/crtbegin.o
                0x0800bf10                        PROVIDE (__init_array_end = .)
                0x0800bf10                        . = ALIGN (0x4)

.fini_array     0x0800bf10        0x4
                0x0800bf10                        . = ALIGN (0x4)
                [!provide]                        PROVIDE (__fini_array_start = .)
 *(SORT_BY_NAME(.fini_array.*))
 *(.fini_array*)
 .fini_array    0x0800bf10        0x4 C:/ST/STM32CubeIDE_1.18.1/STM32CubeIDE/plugins/com.st.stm32cube.ide.mcu.externaltools.gnu-tools-for-stm32.13.3.rel1.win32_1.0.0.202411081344/tools/bin/../lib/gcc/arm-none-eabi/13.3.1/thumb/v7e-m+fp/hard/crtbegin.o
                [!provide]                        PROVIDE (__fini_array_end = .)
                0x0800bf14                        . = ALIGN (0x4)
                0x0800bf14                        _sidata = LOADADDR (.data)

.rel.dyn        0x0800bf14        0x0
 .rel.iplt      0x0800bf14        0x0 C:/ST/STM32CubeIDE_1.18.1/STM32CubeIDE/plugins/com.st.stm32cube.ide.mcu.externaltools.gnu-tools-for-stm32.13.3.rel1.win32_1.0.0.202411081344/tools/bin/../lib/gcc/arm-none-eabi/13.3.1/thumb/v7e-m+fp/hard/crtbegin.o

.data           0x20000000      0x1cc load address 0x0800bf14
                0x20000000                        . = ALIGN (0x4)
                0x20000000                        _sdata = .
 *(.data)
 *(.data*)
 .data.MQTT_PacketID
                0x20000000        0x2 ./Core/Src/drivers/device/mqtt.o
 .data.g_system_healthy
                0x20000002        0x1 ./Core/Src/main.o
 *fill*         0x20000003        0x1 
 .data.__sglue  0x20000004        0xc C:/ST/STM32CubeIDE_1.18.1/STM32CubeIDE/plugins/com.st.stm32cube.ide.mcu.externaltools.gnu-tools-for-stm32.13.3.rel1.win32_1.0.0.202411081344/tools/bin/../lib/gcc/arm-none-eabi/13.3.1/../../../../arm-none-eabi/lib/thumb/v7e-m+fp/hard\libc_nano.a(libc_a-findfp.o)
                0x20000004                __sglue
 .data._impure_ptr
                0x20000010        0x4 C:/ST/STM32CubeIDE_1.18.1/STM32CubeIDE/plugins/com.st.stm32cube.ide.mcu.externaltools.gnu-tools-for-stm32.13.3.rel1.win32_1.0.0.202411081344/tools/bin/../lib/gcc/arm-none-eabi/13.3.1/../../../../arm-none-eabi/lib/thumb/v7e-m+fp/hard\libc_nano.a(libc_a-impure.o)
                0x20000010                _impure_ptr
 .data._impure_data
                0x20000014       0x4c C:/ST/STM32CubeIDE_1.18.1/STM32CubeIDE/plugins/com.st.stm32cube.ide.mcu.externaltools.gnu-tools-for-stm32.13.3.rel1.win32_1.0.0.202411081344/tools/bin/../lib/gcc/arm-none-eabi/13.3.1/../../../../arm-none-eabi/lib/thumb/v7e-m+fp/hard\libc_nano.a(libc_a-impure.o)
                0x20000014                _impure_data
 .data.__global_locale
                0x20000060      0x16c C:/ST/STM32CubeIDE_1.18.1/STM32CubeIDE/plugins/com.st.stm32cube.ide.mcu.externaltools.gnu-tools-for-stm32.13.3.rel1.win32_1.0.0.202411081344/tools/bin/../lib/gcc/arm-none-eabi/13.3.1/../../../../arm-none-eabi/lib/thumb/v7e-m+fp/hard\libc_nano.a(libc_a-locale.o)
                0x20000060                __global_locale
 *(.RamFunc)
 *(.RamFunc*)
                0x200001cc                        . = ALIGN (0x4)
                0x200001cc                        _edata = .

.igot.plt       0x200001cc        0x0 load address 0x0800c0e0
 .igot.plt      0x200001cc        0x0 C:/ST/STM32CubeIDE_1.18.1/STM32CubeIDE/plugins/com.st.stm32cube.ide.mcu.externaltools.gnu-tools-for-stm32.13.3.rel1.win32_1.0.0.202411081344/tools/bin/../lib/gcc/arm-none-eabi/13.3.1/thumb/v7e-m+fp/hard/crtbegin.o
                0x200001cc                        . = ALIGN (0x4)

.bss            0x200001cc      0xb8c load address 0x0800c0e0
                0x200001cc                        _sbss = .
                0x200001cc                        __bss_start__ = _sbss
 *(.bss)
 .bss           0x200001cc       0x1c C:/ST/STM32CubeIDE_1.18.1/STM32CubeIDE/plugins/com.st.stm32cube.ide.mcu.externaltools.gnu-tools-for-stm32.13.3.rel1.win32_1.0.0.202411081344/tools/bin/../lib/gcc/arm-none-eabi/13.3.1/thumb/v7e-m+fp/hard/crtbegin.o
 *(.bss*)
 .bss.g_BMP280_Device
                0x200001e8       0x24 ./Core/Src/drivers/device/bmp280.o
 .bss.ESP01_RxBuffer
                0x2000020c      0x206 ./Core/Src/drivers/device/esp01.o
 *fill*         0x20000412        0x2 
 .bss.ESP01_TxBuffer
                0x20000414       0x80 ./Core/Src/drivers/device/esp01.o
 .bss.ESP01_DataReceived
                0x20000494        0x1 ./Core/Src/drivers/device/esp01.o
 *fill*         0x20000495        0x3 
 .bss.g_MQTT_MessageCallback
                0x20000498        0x4 ./Core/Src/drivers/device/esp01.o
 .bss.ESP01_MQTTMessagePending
                0x2000049c        0x1 ./Core/Src/drivers/device/esp01.o
 .bss.ESP01_IPDDetectionState
                0x2000049d        0x1 ./Core/Src/drivers/device/esp01.o
 *fill*         0x2000049e        0x2 
 .bss.ESP01_IPDBuffer
                0x200004a0      0x200 ./Core/Src/drivers/device/esp01.o
 .bss.ESP01_IPDBufferIndex
                0x200006a0        0x2 ./Core/Src/drivers/device/esp01.o
 .bss.ESP01_IPDExpectedLength
                0x200006a2        0x2 ./Core/Src/drivers/device/esp01.o
 .bss.ESP01_IPDCompletedLength
                0x200006a4        0x2 ./Core/Src/drivers/device/esp01.o
 .bss.ESP01_SkippedIPDCount
                0x200006a6        0x2 ./Core/Src/drivers/device/esp01.o
 .bss.ESP01_CapturedIPDCount
                0x200006a8        0x2 ./Core/Src/drivers/device/esp01.o
 .bss.ESP01_MultiConnectionEnabled
                0x200006aa        0x1 ./Core/Src/drivers/device/esp01.o
 *fill*         0x200006ab        0x1 
 .bss.ESP01_HTTPBuffer
                0x200006ac      0x204 ./Core/Src/drivers/device/esp01.o
 .bss.ESP01_IPDConnectionId
                0x200008b0        0x1 ./Core/Src/drivers/device/esp01.o
 *fill*         0x200008b1        0x1 
 .bss.mqtt_buffer_index.1
                0x200008b2        0x2 ./Core/Src/drivers/device/esp01.o
 .bss.mqtt_buffer.0
                0x200008b4      0x200 ./Core/Src/drivers/device/esp01.o
 .bss.g_MQ6_State
                0x20000ab4        0x1 ./Core/Src/drivers/device/mq6.o
 *fill*         0x20000ab5        0x3 
 .bss.g_MQ6_CalibrationData
                0x20000ab8        0xc ./Core/Src/drivers/device/mq6.o
 .bss.g_MQ6_PreheatStartTime
                0x20000ac4        0x4 ./Core/Src/drivers/device/mq6.o
 .bss.g_MQ6_CalibrationStartTime
                0x20000ac8        0x4 ./Core/Src/drivers/device/mq6.o
 .bss.calibration_in_progress.2
                0x20000acc        0x1 ./Core/Src/drivers/device/mq6.o
 .bss.sample_index.1
                0x20000acd        0x1 ./Core/Src/drivers/device/mq6.o
 *fill*         0x20000ace        0x2 
 .bss.calibration_readings.0
                0x20000ad0        0x6 ./Core/Src/drivers/device/mq6.o
 *fill*         0x20000ad6        0x2 
 .bss.MQTT_PacketBuffer
                0x20000ad8       0xdc ./Core/Src/drivers/device/mqtt.o
 .bss.MQTT_PacketIndex
                0x20000bb4        0x2 ./Core/Src/drivers/device/mqtt.o
 *fill*         0x20000bb6        0x2 
 .bss.ADC1_CallbackPtr
                0x20000bb8        0x4 ./Core/Src/drivers/peripheral/adc.o
 .bss.I2C1_EventCallbackPtr
                0x20000bbc        0x4 ./Core/Src/drivers/peripheral/i2c.o
 .bss.I2C1_ErrorCallbackPtr
                0x20000bc0        0x4 ./Core/Src/drivers/peripheral/i2c.o
 .bss.STK_msTicks
                0x20000bc4        0x4 ./Core/Src/drivers/peripheral/stk.o
                0x20000bc4                STK_msTicks
 .bss.USART1_CallbackPtr
                0x20000bc8        0x4 ./Core/Src/drivers/peripheral/usart.o
 .bss.USART2_CallbackPtr
                0x20000bcc        0x4 ./Core/Src/drivers/peripheral/usart.o
 .bss.g_MQ6AppState
                0x20000bd0        0x1 ./Core/Src/main.o
 *fill*         0x20000bd1        0x1 
 .bss.g_u16AdcValue
                0x20000bd2        0x2 ./Core/Src/main.o
                0x20000bd2                g_u16AdcValue
 .bss.g_u8ConversionComplete
                0x20000bd4        0x1 ./Core/Src/main.o
                0x20000bd4                g_u8ConversionComplete
 *fill*         0x20000bd5        0x3 
 .bss.g_led_timer
                0x20000bd8        0x4 ./Core/Src/main.o
 .bss.g_error_led_timer
                0x20000bdc        0x4 ./Core/Src/main.o
 .bss.g_mqtt_publish_timer
                0x20000be0        0x4 ./Core/Src/main.o
 .bss.g_mqtt_keepalive_timer
                0x20000be4        0x4 ./Core/Src/main.o
 .bss.g_iwdg_refresh_timer
                0x20000be8        0x4 ./Core/Src/main.o
 .bss.g_led_state
                0x20000bec        0x1 ./Core/Src/main.o
 .bss.g_error_led_state
                0x20000bed        0x1 ./Core/Src/main.o
 *fill*         0x20000bee        0x2 
 .bss.g_current_pwm_duty
                0x20000bf0        0x4 ./Core/Src/main.o
 .bss.g_pwm_ack_pending
                0x20000bf4        0x1 ./Core/Src/main.o
 *fill*         0x20000bf5        0x3 
 .bss.g_pwm_ack_duty
                0x20000bf8        0x4 ./Core/Src/main.o
 .bss.last_state_check.2
                0x20000bfc        0x4 ./Core/Src/main.o
 .bss.recovery_timer.1
                0x20000c00        0x4 ./Core/Src/main.o
 .bss.app_state.0
                0x20000c04        0x1 ./Core/Src/main.o
 *fill*         0x20000c05        0x3 
 .bss.__sbrk_heap_end
                0x20000c08        0x4 ./Core/Src/sysmem.o
 .bss.__sf      0x20000c0c      0x138 C:/ST/STM32CubeIDE_1.18.1/STM32CubeIDE/plugins/com.st.stm32cube.ide.mcu.externaltools.gnu-tools-for-stm32.13.3.rel1.win32_1.0.0.202411081344/tools/bin/../lib/gcc/arm-none-eabi/13.3.1/../../../../arm-none-eabi/lib/thumb/v7e-m+fp/hard\libc_nano.a(libc_a-findfp.o)
                0x20000c0c                __sf
 .bss.__stdio_exit_handler