../Core/Src/main.c:74:13:AppLog	272	static
../Core/Src/main.c:143:6:ADC_ConversionCallback	8	static
../Core/Src/main.c:152:6:SystemClock_Init	8	static
../Core/Src/main.c:166:6:GPIO_Init	8	static
../Core/Src/main.c:209:6:NVIC_Init	8	static
../Core/Src/main.c:219:9:USART_Init	16	static
../Core/Src/main.c:234:9:ADC_Init	16	static
../Core/Src/main.c:256:9:I2C_Init	16	static
../Core/Src/main.c:269:9:MQ6_Init	16	static
../Core/Src/main.c:283:9:BMP280_Init	16	static
../Core/Src/main.c:298:9:IWDG_Init	16	static
../Core/Src/main.c:329:6:IWDG_RefreshTask	8	static
../Core/Src/main.c:343:6:LED_UpdateNormal	8	static
../Core/Src/main.c:352:6:LED_UpdateError	8	static
../Core/Src/main.c:364:9:FormatMQ6Message	56	static
../Core/Src/main.c:382:9:FormatBMP280Message	72	static
../Core/Src/main.c:407:9:FormatCombinedMessage	80	static
../Core/Src/main.c:436:6:HandleMQ6Sensor	16	static
../Core/Src/main.c:481:6:PublishMQ6Data	248	static
../Core/Src/main.c:510:6:PublishBMP280Data	216	static
../Core/Src/main.c:534:6:PublishCombinedData	384	static
../Core/Src/main.c:568:6:PublishSensorStatus	224	static
../Core/Src/main.c:598:6:PublishPWMStatus	128	static
../Core/Src/main.c:619:6:HandleMQTTRunning	8	static
../Core/Src/main.c:641:6:SendDeferredPWMAck	80	static
../Core/Src/main.c:663:6:MQTT_MessageCallback	176	static
../Core/Src/main.c:749:12:HandleESP01Init	16	static
../Core/Src/main.c:764:12:HandleWiFiMode	16	static
../Core/Src/main.c:778:12:HandleWiFiConnect	16	static
../Core/Src/main.c:793:12:HandleGetIP	80	static
../Core/Src/main.c:809:12:HandleMQTTConnectTCP	16	static
../Core/Src/main.c:825:12:HandleMQTTConnectProtocol	16	static
../Core/Src/main.c:840:12:HandleMQTTSubscribe	152	static
../Core/Src/main.c:869:12:HandleError	8	static
../Core/Src/main.c:885:5:main	16	static
