../Core/Src/main.c:102:6:ADC_ConversionCallback	8	static
../Core/Src/main.c:111:6:SystemClock_Init	8	static
../Core/Src/main.c:125:6:GPIO_Init	8	static
../Core/Src/main.c:169:6:NVIC_Init	8	static
../Core/Src/main.c:180:9:USART_Init	16	static
../Core/Src/main.c:194:9:ADC_Init	16	static
../Core/Src/main.c:220:9:I2C_Init	16	static
../Core/Src/main.c:235:9:MQ6_Init	16	static
../Core/Src/main.c:251:9:BMP280_Init	16	static
../Core/Src/main.c:272:6:LED_UpdateNormal	8	static
../Core/Src/main.c:280:6:LED_UpdateError	8	static
../Core/Src/main.c:291:9:FormatMQ6Message	56	static
../Core/Src/main.c:310:9:FormatBMP280Message	72	static
../Core/Src/main.c:336:9:FormatCombinedMessage	80	static
../Core/Src/main.c:368:6:HandleMQ6Sensor	16	static
../Core/Src/main.c:417:6:PublishMQ6Data	248	static
../Core/Src/main.c:444:6:PublishBMP280Data	216	static
../Core/Src/main.c:465:6:PublishCombinedData	384	static
../Core/Src/main.c:501:6:PublishSensorStatus	224	static
../Core/Src/main.c:524:6:PublishPWMStatus	128	static
../Core/Src/main.c:542:6:HandleMQTTRunning	8	static
../Core/Src/main.c:571:6:MQTT_MessageCallback	248	static
../Core/Src/main.c:678:12:HandleESP01Init	16	static
../Core/Src/main.c:696:12:HandleWiFiMode	16	static
../Core/Src/main.c:712:12:HandleWiFiConnect	16	static
../Core/Src/main.c:728:12:HandleGetIP	80	static
../Core/Src/main.c:746:12:HandleMQTTConnectTCP	16	static
../Core/Src/main.c:762:12:HandleMQTTConnectProtocol	16	static
../Core/Src/main.c:779:12:HandleMQTTSubscribe	152	static
../Core/Src/main.c:810:12:HandleError	8	static
../Core/Src/main.c:829:5:main	8	static
